Archive member included to satisfy reference by file (symbol)

examples/libexamples.a(LCD_1in69_LVGL_test.c.o)
                              CMakeFiles/RP2040-Touch-LCD-1.69.dir/main.c.o (LCD_1in69_LVGL_Test)
examples/libexamples.a(LVGL_example.c.o)
                              examples/libexamples.a(LCD_1in69_LVGL_test.c.o) (LVGL_Init)
examples/libexamples.a(ImageData.c.o)
                              examples/libexamples.a(LVGL_example.c.o) (pic)
lib/LCD/libLCD.a(LCD_1in69.c.o)
                              examples/libexamples.a(LCD_1in69_LVGL_test.c.o) (LCD_1IN69_Init)
lib/Touch/libTouch.a(CST816S.c.o)
                              examples/libexamples.a(LCD_1in69_LVGL_test.c.o) (CST816S_init)
lib/QMI8658/libQMI8658.a(QMI8658.c.o)
                              examples/libexamples.a(LVGL_example.c.o) (QMI8658_read_xyz)
lib/lvgl/libLVGL.a(lv_disp.c.o)
                              examples/libexamples.a(LCD_1in69_LVGL_test.c.o) (lv_disp_get_scr_act)
lib/lvgl/libLVGL.a(lv_event.c.o)
                              lib/lvgl/libLVGL.a(lv_disp.c.o) (lv_event_send)
lib/lvgl/libLVGL.a(lv_indev.c.o)
                              examples/libexamples.a(LCD_1in69_LVGL_test.c.o) (lv_indev_get_act)
lib/lvgl/libLVGL.a(lv_indev_scroll.c.o)
                              lib/lvgl/libLVGL.a(lv_indev.c.o) (_lv_indev_scroll_handler)
lib/lvgl/libLVGL.a(lv_obj.c.o)
                              examples/libexamples.a(LVGL_example.c.o) (lv_init)
lib/lvgl/libLVGL.a(lv_obj_class.c.o)
                              lib/lvgl/libLVGL.a(lv_obj.c.o) (lv_obj_class_create_obj)
lib/lvgl/libLVGL.a(lv_obj_draw.c.o)
                              lib/lvgl/libLVGL.a(lv_obj.c.o) (lv_obj_init_draw_rect_dsc)
lib/lvgl/libLVGL.a(lv_obj_pos.c.o)
                              lib/lvgl/libLVGL.a(lv_disp.c.o) (lv_obj_set_pos)
lib/lvgl/libLVGL.a(lv_obj_scroll.c.o)
                              examples/libexamples.a(LVGL_example.c.o) (lv_obj_set_scrollbar_mode)
lib/lvgl/libLVGL.a(lv_obj_style.c.o)
                              lib/lvgl/libLVGL.a(lv_obj.c.o) (_lv_obj_style_init)
lib/lvgl/libLVGL.a(lv_obj_style_gen.c.o)
                              lib/lvgl/libLVGL.a(lv_obj_pos.c.o) (lv_obj_set_style_width)
lib/lvgl/libLVGL.a(lv_obj_tree.c.o)
                              lib/lvgl/libLVGL.a(lv_disp.c.o) (lv_obj_del)
lib/lvgl/libLVGL.a(lv_refr.c.o)
                              lib/lvgl/libLVGL.a(lv_obj.c.o) (_lv_refr_init)
lib/lvgl/libLVGL.a(lv_theme.c.o)
                              lib/lvgl/libLVGL.a(lv_disp.c.o) (lv_theme_apply)
lib/lvgl/libLVGL.a(lv_draw_img.c.o)
                              lib/lvgl/libLVGL.a(lv_refr.c.o) (lv_draw_img_dsc_init)
lib/lvgl/libLVGL.a(lv_draw_label.c.o)
                              lib/lvgl/libLVGL.a(lv_draw_img.c.o) (lv_draw_label_dsc_init)
lib/lvgl/libLVGL.a(lv_draw_line.c.o)
                              lib/lvgl/libLVGL.a(lv_draw_label.c.o) (lv_draw_line_dsc_init)
lib/lvgl/libLVGL.a(lv_draw_mask.c.o)
                              lib/lvgl/libLVGL.a(lv_obj.c.o) (lv_draw_mask_add)
lib/lvgl/libLVGL.a(lv_draw_rect.c.o)
                              lib/lvgl/libLVGL.a(lv_obj.c.o) (lv_draw_rect_dsc_init)
lib/lvgl/libLVGL.a(lv_img_buf.c.o)
                              lib/lvgl/libLVGL.a(lv_draw_img.c.o) (_lv_img_buf_transform_init)
lib/lvgl/libLVGL.a(lv_img_cache.c.o)
                              lib/lvgl/libLVGL.a(lv_draw_img.c.o) (_lv_img_cache_open)
lib/lvgl/libLVGL.a(lv_img_decoder.c.o)
                              lib/lvgl/libLVGL.a(lv_obj.c.o) (_lv_img_decoder_init)
lib/lvgl/libLVGL.a(lv_extra.c.o)
                              lib/lvgl/libLVGL.a(lv_obj.c.o) (lv_extra_init)
lib/lvgl/libLVGL.a(lv_tabview.c.o)
                              examples/libexamples.a(LVGL_example.c.o) (lv_tabview_create)
lib/lvgl/libLVGL.a(lv_tileview.c.o)
                              examples/libexamples.a(LVGL_example.c.o) (lv_tileview_create)
lib/lvgl/libLVGL.a(lv_font.c.o)
                              lib/lvgl/libLVGL.a(lv_draw_label.c.o) (lv_font_get_glyph_bitmap)
lib/lvgl/libLVGL.a(lv_font_fmt_txt.c.o)
                              lib/lvgl/libLVGL.a(lv_refr.c.o) (_lv_font_clean_up_fmt_txt)
lib/lvgl/libLVGL.a(lv_font_montserrat_16.c.o)
                              examples/libexamples.a(LVGL_example.c.o) (lv_font_montserrat_16)
lib/lvgl/libLVGL.a(lv_font_montserrat_18.c.o)
                              examples/libexamples.a(LCD_1in69_LVGL_test.c.o) (lv_font_montserrat_18)
lib/lvgl/libLVGL.a(lv_hal_disp.c.o)
                              examples/libexamples.a(LVGL_example.c.o) (lv_disp_drv_init)
lib/lvgl/libLVGL.a(lv_hal_indev.c.o)
                              examples/libexamples.a(LVGL_example.c.o) (lv_indev_drv_init)
lib/lvgl/libLVGL.a(lv_hal_tick.c.o)
                              examples/libexamples.a(LVGL_example.c.o) (lv_tick_inc)
lib/lvgl/libLVGL.a(lv_anim.c.o)
                              lib/lvgl/libLVGL.a(lv_obj.c.o) (_lv_anim_core_init)
lib/lvgl/libLVGL.a(lv_area.c.o)
[...]
Memory Configuration

Name             Origin             Length             Attributes
FLASH            0x0000000010000000 0x0000000000200000 xr
RAM              0x0000000020000000 0x0000000000040000 xrw
SCRATCH_X        0x0000000020040000 0x0000000000001000 xrw
SCRATCH_Y        0x0000000020041000 0x0000000000001000 xrw
*default*        0x0000000000000000 0xffffffffffffffff

Linker script and memory map

LOAD /usr/lib/gcc/arm-none-eabi/10.3.1/thumb/v6-m/nofp/crti.o
LOAD /usr/lib/gcc/arm-none-eabi/10.3.1/thumb/v6-m/nofp/crtbegin.o
LOAD /usr/lib/gcc/arm-none-eabi/10.3.1/../../../arm-none-eabi/lib/thumb/v6-m/nofp/crt0.o

.flash_begin    0x0000000010000000        0x0
                0x0000000010000000                __flash_binary_start = .

.boot2          0x0000000010000000      0x100
                0x0000000010000000                __boot2_start__ = .
 *(.boot2)
 .boot2         0x0000000010000000      0x100 pico-sdk/src/rp2040/boot_stage2/CMakeFiles/bs2_default_library.dir/bs2_default_padded_checksummed.S.o
                0x0000000010000100                __boot2_end__ = .
                0x0000000000000001                ASSERT (((__boot2_end__ - __boot2_start__) == 0x100), ERROR: Pico second stage bootloader must be 256 bytes in size)

.text           0x0000000010000100    0x41b88
                0x0000000010000100                __logical_binary_start = .
 *(.vectors)
 .vectors       0x0000000010000100       0xd4 CMakeFiles/RP2040-Touch-LCD-1.69.dir/home/oscar/pico/pico-sdk/src/rp2_common/pico_crt0/crt0.S.o
                0x0000000010000100                __vectors
                0x0000000010000100                __VECTOR_TABLE
                0x00000000100001c0                isr_invalid
                0x00000000100001c0                __default_isrs_start
                0x00000000100001c2                isr_nmi
                0x00000000100001c4                isr_hardfault
                0x00000000100001c6                isr_svcall
                0x00000000100001c8                isr_pendsv
                0x00000000100001ca                isr_systick
                0x00000000100001cc                isr_irq30
                0x00000000100001cc                __unhandled_user_irq
                0x00000000100001cc                isr_irq13
                0x00000000100001cc                isr_irq27
                0x00000000100001cc                isr_irq31
                0x00000000100001cc                isr_irq5
                0x00000000100001cc                isr_irq11
                0x00000000100001cc                isr_irq23
                0x00000000100001cc                isr_irq18
                0x00000000100001cc                isr_irq28
                0x00000000100001cc                isr_irq19
                0x00000000100001cc                isr_irq0
                0x00000000100001cc                isr_irq6
                0x00000000100001cc                isr_irq22
                0x00000000100001cc                isr_irq17
                0x00000000100001cc                isr_irq14
                0x00000000100001cc                isr_irq2
                0x00000000100001cc                isr_irq10
                0x00000000100001cc                isr_irq8
                0x00000000100001cc                isr_irq24
                0x00000000100001cc                isr_irq1
                0x00000000100001cc                isr_irq7
                0x00000000100001cc                isr_irq21
                0x00000000100001cc                isr_irq20
                0x00000000100001cc                isr_irq15
                0x00000000100001cc                isr_irq25
                0x00000000100001cc                isr_irq4
                0x00000000100001cc                isr_irq16
                0x00000000100001cc                isr_irq29
                0x00000000100001cc                isr_irq26
                0x00000000100001cc                __default_isrs_end
                0x00000000100001cc                isr_irq3
                0x00000000100001cc                isr_irq12
                0x00000000100001cc                isr_irq9
                0x00000000100001d2                unhandled_user_irq_num_in_r0
 *(.binary_info_header)
 .binary_info_header
                0x00000000100001d4       0x14 CMakeFiles/RP2040-Touch-LCD-1.69.dir/home/oscar/pico/pico-sdk/src/rp2_common/pico_crt0/crt0.S.o
                0x00000000100001e8                __binary_info_header_end = .
 *(.embedded_block)
                0x00000000100001e8                __embedded_block_end = .
 *(.reset)
 .reset         0x00000000100001e8       0x9c CMakeFiles/RP2040-Touch-LCD-1.69.dir/home/oscar/pico/pico-sdk/src/rp2_common/pico_crt0/crt0.S.o
                0x00000000100001e8                _entry_point
 *(.init)
 .init          0x0000000010000284        0x4 /usr/lib/gcc/arm-none-eabi/10.3.1/thumb/v6-m/nofp/crti.o
                0x0000000010000284                _init
 *(EXCLUDE_FILE(*libm.a: *libc.a:*lib_a-mem*.o *libgcc.a:) .text*)
 .text          0x0000000010000288       0x98 /usr/lib/gcc/arm-none-eabi/10.3.1/thumb/v6-m/nofp/crtbegin.o
 .text.startup.main
                0x0000000010000320        0xc CMakeFiles/RP2040-Touch-LCD-1.69.dir/main.c.o
                0x0000000010000320                main
 .text.gpio_default_irq_handler
                0x000000001000032c      0x270 CMakeFiles/RP2040-Touch-LCD-1.69.dir/home/oscar/pico/pico-sdk/src/rp2_common/hardware_gpio/gpio.c.o
 .text.gpio_set_function
                0x000000001000059c       0x34 CMakeFiles/RP2040-Touch-LCD-1.69.dir/home/oscar/pico/pico-sdk/src/rp2_common/hardware_gpio/gpio.c.o
                0x000000001000059c                gpio_set_function
 .text.gpio_set_pulls
                0x00000000100005d0       0x34 CMakeFiles/RP2040-Touch-LCD-1.69.dir/home/oscar/pico/pico-sdk/src/rp2_common/hardware_gpio/gpio.c.o
                0x00000000100005d0                gpio_set_pulls
 .text.gpio_set_irq_enabled_with_callback
                0x0000000010000604       0xd0 CMakeFiles/RP2040-Touch-LCD-1.69.dir/home/oscar/pico/pico-sdk/src/rp2_common/hardware_gpio/gpio.c.o
                0x0000000010000604                gpio_set_irq_enabled_with_callback
 .text.gpio_set_input_enabled
                0x00000000100006d4       0x28 CMakeFiles/RP2040-Touch-LCD-1.69.dir/home/oscar/pico/pico-sdk/src/rp2_common/hardware_gpio/gpio.c.o
                0x00000000100006d4                gpio_set_input_enabled
 .text.gpio_init
                0x00000000100006fc       0x40 CMakeFiles/RP2040-Touch-LCD-1.69.dir/home/oscar/pico/pico-sdk/src/rp2_common/hardware_gpio/gpio.c.o
                0x00000000100006fc                gpio_init
 .text.panic    0x000000001000073c       0x30 CMakeFiles/RP2040-Touch-LCD-1.69.dir/home/oscar/pico/pico-sdk/src/rp2_common/pico_platform_panic/panic.c.o
                0x000000001000073c                panic
 .text.hw_claim_or_assert
                0x000000001000076c       0x44 CMakeFiles/RP2040-Touch-LCD-1.69.dir/home/oscar/pico/pico-sdk/src/common/hardware_claim/claim.c.o
                0x000000001000076c                hw_claim_or_assert
 .text.hw_claim_unused_from_range
                0x00000000100007b0       0x9c CMakeFiles/RP2040-Touch-LCD-1.69.dir/home/oscar/pico/pico-sdk/src/common/hardware_claim/claim.c.o
                0x00000000100007b0                hw_claim_unused_from_range
 .text.next_striped_spin_lock_num
                0x000000001000084c       0x18 CMakeFiles/RP2040-Touch-LCD-1.69.dir/home/oscar/pico/pico-sdk/src/rp2_common/hardware_sync/sync.c.o
                0x000000001000084c                next_striped_spin_lock_num
 .text.spin_locks_reset
                0x0000000010000864       0x1c CMakeFiles/RP2040-Touch-LCD-1.69.dir/home/oscar/pico/pico-sdk/src/rp2_common/hardware_sync_spin_lock/sync_spin_lock.c.o
                0x0000000010000864                spin_locks_reset
 .text.runtime_init_per_core_irq_priorities
                0x0000000010000880       0x24 CMakeFiles/RP2040-Touch-LCD-1.69.dir/home/oscar/pico/pico-sdk/src/rp2_common/hardware_irq/irq.c.o
                0x0000000010000880                runtime_init_per_core_irq_priorities
 .text.irq_set_enabled
                0x00000000100008a4       0x24 CMakeFiles/RP2040-Touch-LCD-1.69.dir/home/oscar/pico/pico-sdk/src/rp2_common/hardware_irq/irq.c.o
                0x00000000100008a4                irq_set_enabled
 .text.irq_set_exclusive_handler
                0x00000000100008c8       0x54 CMakeFiles/RP2040-Touch-LCD-1.69.dir/home/oscar/pico/pico-sdk/src/rp2_common/hardware_irq/irq.c.o
                0x00000000100008c8                irq_set_exclusive_handler
 .text.irq_add_shared_handler
                0x000000001000091c      0x1e8 CMakeFiles/RP2040-Touch-LCD-1.69.dir/home/oscar/pico/pico-sdk/src/rp2_common/hardware_irq/irq.c.o
                0x000000001000091c                irq_add_shared_handler
 .text.irq_remove_handler
                0x0000000010000b04      0x1c4 CMakeFiles/RP2040-Touch-LCD-1.69.dir/home/oscar/pico/pico-sdk/src/rp2_common/hardware_irq/irq.c.o
                0x0000000010000b04                irq_remove_handler
 .text.irq_add_tail_to_free_list
                0x0000000010000cc8       0xb4 CMakeFiles/RP2040-Touch-LCD-1.69.dir/home/oscar/pico/pico-sdk/src/rp2_common/hardware_irq/irq.c.o
                0x0000000010000cc8                irq_add_tail_to_free_list
 .text.lock_init
                0x0000000010000d7c       0x10 CMakeFiles/RP2040-Touch-LCD-1.69.dir/home/oscar/pico/pico-sdk/src/common/pico_sync/lock_core.c.o
                0x0000000010000d7c                lock_init
 .text.runtime_init_mutex
                0x0000000010000d8c       0x58 CMakeFiles/RP2040-Touch-LCD-1.69.dir/home/oscar/pico/pico-sdk/src/common/pico_sync/mutex.c.o
                0x0000000010000d8c                runtime_init_mutex
 .text.sleep_until_callback
                0x0000000010000de4       0x30 CMakeFiles/RP2040-Touch-LCD-1.69.dir/home/oscar/pico/pico-sdk/src/common/pico_time/time.c.o
 .text.alarm_pool_irq_handler
                0x0000000010000e14      0x308 CMakeFiles/RP2040-Touch-LCD-1.69.dir/home/oscar/pico/pico-sdk/src/common/pico_time/time.c.o
 .text.runtime_init_default_alarm_pool
                0x000000001000111c       0xdc CMakeFiles/RP2040-Touch-LCD-1.69.dir/home/oscar/pico/pico-sdk/src/common/pico_time/time.c.o
                0x000000001000111c                runtime_init_default_alarm_pool
 .text.alarm_pool_get_default
                0x00000000100011f8        0x8 CMakeFiles/RP2040-Touch-LCD-1.69.dir/home/oscar/pico/pico-sdk/src/common/pico_time/time.c.o
                0x00000000100011f8                alarm_pool_get_default
 .text.alarm_pool_add_alarm_at_force_in_context
                0x0000000010001200       0xb0 CMakeFiles/RP2040-Touch-LCD-1.69.dir/home/oscar/pico/pico-sdk/src/common/pico_time/time.c.o
                0x0000000010001200                alarm_pool_add_alarm_at_force_in_context
 .text.alarm_pool_cancel_alarm
                0x00000000100012b0       0x7c CMakeFiles/RP2040-Touch-LCD-1.69.dir/home/oscar/pico/pico-sdk/src/common/pico_time/time.c.o
                0x00000000100012b0                alarm_pool_cancel_alarm
 .text.sleep_until
                0x000000001000132c       0xd0 CMakeFiles/RP2040-Touch-LCD-1.69.dir/home/oscar/pico/pico-sdk/src/common/pico_time/time.c.o
                0x000000001000132c                sleep_until
 .text.sleep_ms
                0x00000000100013fc       0x34 CMakeFiles/RP2040-Touch-LCD-1.69.dir/home/oscar/pico/pico-sdk/src/common/pico_time/time.c.o
                0x00000000100013fc                sleep_ms
 .text.best_effort_wfe_or_timeout
                0x0000000010001430       0xe0 CMakeFiles/RP2040-Touch-LCD-1.69.dir/home/oscar/pico/pico-sdk/src/common/pico_time/time.c.o
                0x0000000010001430                best_effort_wfe_or_timeout
 .text.alarm_pool_add_repeating_timer_us
                0x0000000010001510      0x120 CMakeFiles/RP2040-Touch-LCD-1.69.dir/home/oscar/pico/pico-sdk/src/common/pico_time/time.c.o
                0x0000000010001510                alarm_pool_add_repeating_timer_us
 .text.timer_hardware_alarm_claim
                0x0000000010001630       0x14 CMakeFiles/RP2040-Touch-LCD-1.69.dir/home/oscar/pico/pico-sdk/src/rp2_common/hardware_timer/timer.c.o
                0x0000000010001630                timer_hardware_alarm_claim
 .text.timer_time_us_64
                0x0000000010001644       0x10 CMakeFiles/RP2040-Touch-LCD-1.69.dir/home/oscar/pico/pico-sdk/src/rp2_common/hardware_timer/timer.c.o
                0x0000000010001644                timer_time_us_64
 .text.time_us_64
                0x0000000010001654       0x14 CMakeFiles/RP2040-Touch-LCD-1.69.dir/home/oscar/pico/pico-sdk/src/rp2_common/hardware_timer/timer.c.o
                0x0000000010001654                time_us_64
 .text.busy_wait_us
                0x0000000010001668       0x54 CMakeFiles/RP2040-Touch-LCD-1.69.dir/home/oscar/pico/pico-sdk/src/rp2_common/hardware_timer/timer.c.o
                0x0000000010001668                busy_wait_us
 .text.busy_wait_until
                0x00000000100016bc       0x20 CMakeFiles/RP2040-Touch-LCD-1.69.dir/home/oscar/pico/pico-sdk/src/rp2_common/hardware_timer/timer.c.o
                0x00000000100016bc                busy_wait_until
 .text.uart_init
                0x00000000100016dc      0x11c CMakeFiles/RP2040-Touch-LCD-1.69.dir/home/oscar/pico/pico-sdk/src/rp2_common/hardware_uart/uart.c.o
                0x00000000100016dc                uart_init
 .text.clock_configure
                0x00000000100017f8      0x110 CMakeFiles/RP2040-Touch-LCD-1.69.dir/home/oscar/pico/pico-sdk/src/rp2_common/hardware_clocks/clocks.c.o
                0x00000000100017f8                clock_configure
 .text.clock_configure_int_divider
                0x0000000010001908       0xf4 CMakeFiles/RP2040-Touch-LCD-1.69.dir/home/oscar/pico/pico-sdk/src/rp2_common/hardware_clocks/clocks.c.o
                0x0000000010001908                clock_configure_int_divider
 .text.clock_configure_undivided
                0x00000000100019fc       0xe8 CMakeFiles/RP2040-Touch-LCD-1.69.dir/home/oscar/pico/pico-sdk/src/rp2_common/hardware_clocks/clocks.c.o
                0x00000000100019fc                clock_configure_undivided
 .text.clock_get_hz
                0x0000000010001ae4        0xc CMakeFiles/RP2040-Touch-LCD-1.69.dir/home/oscar/pico/pico-sdk/src/rp2_common/hardware_clocks/clocks.c.o
                0x0000000010001ae4                clock_get_hz
 .text.set_sys_clock_pll
                0x0000000010001af0      0x1c0 CMakeFiles/RP2040-Touch-LCD-1.69.dir/home/oscar/pico/pico-sdk/src/rp2_common/hardware_clocks/clocks.c.o
                0x0000000010001af0                set_sys_clock_pll
 .text.check_sys_clock_khz
                0x0000000010001cb0      0x17c CMakeFiles/RP2040-Touch-LCD-1.69.dir/home/oscar/pico/pico-sdk/src/rp2_common/hardware_clocks/clocks.c.o
                0x0000000010001cb0                check_sys_clock_khz
 .text.pll_init
                0x0000000010001e2c       0xa0 CMakeFiles/RP2040-Touch-LCD-1.69.dir/home/oscar/pico/pico-sdk/src/rp2_common/hardware_pll/pll.c.o
                0x0000000010001e2c                pll_init
 .text.tick_start
                0x0000000010001ecc       0x10 CMakeFiles/RP2040-Touch-LCD-1.69.dir/home/oscar/pico/pico-sdk/src/rp2_common/hardware_ticks/ticks.c.o
                0x0000000010001ecc                tick_start
 .text.rom_func_lookup
                0x0000000010001edc       0x10 CMakeFiles/RP2040-Touch-LCD-1.69.dir/home/oscar/pico/pico-sdk/src/rp2_common/pico_bootrom/bootrom.c.o
                0x0000000010001edc                rom_func_lookup
 .text.rom_data_lookup
                0x0000000010001eec       0x10 CMakeFiles/RP2040-Touch-LCD-1.69.dir/home/oscar/pico/pico-sdk/src/rp2_common/pico_bootrom/bootrom.c.o
                0x0000000010001eec                rom_data_lookup
 .text.rom_funcs_lookup
                0x0000000010001efc       0x44 CMakeFiles/RP2040-Touch-LCD-1.69.dir/home/oscar/pico/pico-sdk/src/rp2_common/pico_bootrom/bootrom.c.o
                0x0000000010001efc                rom_funcs_lookup
 .text.xosc_init
                0x0000000010001f40       0x28 CMakeFiles/RP2040-Touch-LCD-1.69.dir/home/oscar/pico/pico-sdk/src/rp2_common/hardware_xosc/xosc.c.o
                0x0000000010001f40                xosc_init
 .text.first_per_core_initializer
                0x0000000010001f68        0x4 CMakeFiles/RP2040-Touch-LCD-1.69.dir/home/oscar/pico/pico-sdk/src/rp2_common/pico_runtime/runtime.c.o
 .text.hard_assertion_failure
                0x0000000010001f6c        0xc CMakeFiles/RP2040-Touch-LCD-1.69.dir/home/oscar/pico/pico-sdk/src/rp2_common/pico_runtime/runtime.c.o
                0x0000000010001f6c                hard_assertion_failure
 .text.runtime_run_initializers
                0x0000000010001f78       0x28 CMakeFiles/RP2040-Touch-LCD-1.69.dir/home/oscar/pico/pico-sdk/src/rp2_common/pico_runtime/runtime.c.o
                0x0000000010001f78                runtime_run_initializers
 .text.runtime_init_early_resets
                0x0000000010001fa0       0x2c CMakeFiles/RP2040-Touch-LCD-1.69.dir/home/oscar/pico/pico-sdk/src/rp2_common/pico_runtime_init/runtime_init.c.o
                0x0000000010001fa0                runtime_init_early_resets
 .text.runtime_init_usb_power_down
                0x0000000010001fcc       0x1c CMakeFiles/RP2040-Touch-LCD-1.69.dir/home/oscar/pico/pico-sdk/src/rp2_common/pico_runtime_init/runtime_init.c.o
                0x0000000010001fcc                runtime_init_usb_power_down
 .text.runtime_init_post_clock_resets
                0x0000000010001fe8       0x20 CMakeFiles/RP2040-Touch-LCD-1.69.dir/home/oscar/pico/pico-sdk/src/rp2_common/pico_runtime_init/runtime_init.c.o
                0x0000000010001fe8                runtime_init_post_clock_resets
 .text.runtime_init_rp2040_gpio_ie_disable
                0x0000000010002008       0x14 CMakeFiles/RP2040-Touch-LCD-1.69.dir/home/oscar/pico/pico-sdk/src/rp2_common/pico_runtime_init/runtime_init.c.o
                0x0000000010002008                runtime_init_rp2040_gpio_ie_disable
 .text.runtime_init_spin_locks_reset
                0x000000001000201c        0x8 CMakeFiles/RP2040-Touch-LCD-1.69.dir/home/oscar/pico/pico-sdk/src/rp2_common/pico_runtime_init/runtime_init.c.o
                0x000000001000201c                runtime_init_spin_locks_reset
 .text.runtime_init_install_ram_vector_table
                0x0000000010002024       0x1c CMakeFiles/RP2040-Touch-LCD-1.69.dir/home/oscar/pico/pico-sdk/src/rp2_common/pico_runtime_init/runtime_init.c.o
                0x0000000010002024                runtime_init_install_ram_vector_table
 .text.runtime_init_clocks
                0x0000000010002040       0xd8 CMakeFiles/RP2040-Touch-LCD-1.69.dir/home/oscar/pico/pico-sdk/src/rp2_common/pico_runtime_init/runtime_init_clocks.c.o
                0x0000000010002040                runtime_init_clocks
 .text          0x0000000010002118       0x10 CMakeFiles/RP2040-Touch-LCD-1.69.dir/home/oscar/pico/pico-sdk/src/rp2_common/pico_bit_ops/bit_ops_aeabi.S.o
 .text.clzsi    0x0000000010002128        0xc CMakeFiles/RP2040-Touch-LCD-1.69.dir/home/oscar/pico/pico-sdk/src/rp2_common/pico_bit_ops/bit_ops_aeabi.S.o
                0x0000000010002128                __wrap___clz
                0x0000000010002128                __wrap___clzsi2
                0x0000000010002128                __wrap___clzl
 .text.ctzsi    0x0000000010002134        0xc CMakeFiles/RP2040-Touch-LCD-1.69.dir/home/oscar/pico/pico-sdk/src/rp2_common/pico_bit_ops/bit_ops_aeabi.S.o
                0x0000000010002134                __wrap___ctzsi2
 .text.__wrap___aeabi_idiv
                0x0000000010002140       0x50 CMakeFiles/RP2040-Touch-LCD-1.69.dir/home/oscar/pico/pico-sdk/src/rp2_common/pico_divider/divider_hardware.S.o
                0x0000000010002140                __wrap___aeabi_idivmod
                0x0000000010002140                divmod_s32s32
                0x0000000010002140                div_s32s32
                0x0000000010002140                __wrap___aeabi_idiv
                0x0000000010002148                divmod_s32s32_unsafe
                0x0000000010002174                divmod_s32s32_savestate
 .text.__wrap___aeabi_uidiv
                0x0000000010002190       0x4c CMakeFiles/RP2040-Touch-LCD-1.69.dir/home/oscar/pico/pico-sdk/src/rp2_common/pico_divider/divider_hardware.S.o
                0x0000000010002190                __wrap___aeabi_uidiv
                0x0000000010002190                __wrap___aeabi_uidivmod
                0x0000000010002190                div_u32u32
                0x0000000010002190                divmod_u32u32
                0x0000000010002198                divmod_u32u32_unsafe
                0x00000000100021c0                divmod_u32u32_savestate
 .text.__wrap___aeabi_ldiv
                0x00000000100021dc      0x424 CMakeFiles/RP2040-Touch-LCD-1.69.dir/home/oscar/pico/pico-sdk/src/rp2_common/pico_divider/divider_hardware.S.o
                0x00000000100021dc                div_s64s64
                0x00000000100021dc                divmod_s64s64
                0x00000000100021dc                __wrap___aeabi_ldivmod
                0x000000001000220c                div_u64u64
                0x000000001000220c                divmod_u64u64
                0x000000001000220c                __wrap___aeabi_uldivmod
                0x000000001000221c                divmod_u64u64_savestate
                0x000000001000223c                divmod_s64s64_unsafe
                0x00000000100022c4                divmod_u64u64_unsafe
 .text.push_r8_r11
                0x0000000010002600        0xc CMakeFiles/RP2040-Touch-LCD-1.69.dir/home/oscar/pico/pico-sdk/src/rp2_common/pico_double/double_aeabi_rp2040.S.o
                0x0000000010002600                push_r8_r11
 .text.pop_r8_r11
                0x000000001000260c        0xc CMakeFiles/RP2040-Touch-LCD-1.69.dir/home/oscar/pico/pico-sdk/src/rp2_common/pico_double/double_aeabi_rp2040.S.o
                0x000000001000260c                pop_r8_r11
 .text.__wrap___aeabi_darithmetic
                0x0000000010002618       0x80 CMakeFiles/RP2040-Touch-LCD-1.69.dir/home/oscar/pico/pico-sdk/src/rp2_common/pico_double/double_aeabi_rp2040.S.o
                0x0000000010002618                __wrap___aeabi_drsub
                0x000000001000261e                __wrap___aeabi_dsub
                0x0000000010002630                __wrap___aeabi_dadd
                0x0000000010002642                __wrap___aeabi_ddiv
                0x000000001000267e                __wrap___aeabi_dmul
 .text.__wrap___aeabi_cdcmple
                0x0000000010002698       0x6c CMakeFiles/RP2040-Touch-LCD-1.69.dir/home/oscar/pico/pico-sdk/src/rp2_common/pico_double/double_aeabi_rp2040.S.o
                0x0000000010002698                __wrap___aeabi_cdrcmple
                0x00000000100026a8                __wrap___aeabi_cdcmple
                0x00000000100026a8                __wrap___aeabi_cdcmpeq
 .text.__wrap___aeabi_dcmplt
                0x0000000010002704        0xc CMakeFiles/RP2040-Touch-LCD-1.69.dir/home/oscar/pico/pico-sdk/src/rp2_common/pico_double/double_aeabi_rp2040.S.o
                0x0000000010002704                __wrap___aeabi_dcmplt
 .text.__wrap___aeabi_dcmple
                0x0000000010002710       0x10 CMakeFiles/RP2040-Touch-LCD-1.69.dir/home/oscar/pico/pico-sdk/src/rp2_common/pico_double/double_aeabi_rp2040.S.o
                0x0000000010002710                __wrap___aeabi_dcmple
 .text.__wrap___aeabi_dcmpge
                0x0000000010002720       0x10 CMakeFiles/RP2040-Touch-LCD-1.69.dir/home/oscar/pico/pico-sdk/src/rp2_common/pico_double/double_aeabi_rp2040.S.o
                0x0000000010002720                __wrap___aeabi_dcmpge
 .text.__wrap___aeabi_dcmpgt
                0x0000000010002730        0xa CMakeFiles/RP2040-Touch-LCD-1.69.dir/home/oscar/pico/pico-sdk/src/rp2_common/pico_double/double_aeabi_rp2040.S.o
                0x0000000010002730                __wrap___aeabi_dcmpgt
 .text.__wrap___aeabi_dcmpun
                0x000000001000273a       0x18 CMakeFiles/RP2040-Touch-LCD-1.69.dir/home/oscar/pico/pico-sdk/src/rp2_common/pico_double/double_aeabi_rp2040.S.o
                0x000000001000273a                __wrap___aeabi_dcmpun
 *fill*         0x0000000010002752        0x2 
 .text.__wrap___aeabi_i2d
                0x0000000010002754       0x38 CMakeFiles/RP2040-Touch-LCD-1.69.dir/home/oscar/pico/pico-sdk/src/rp2_common/pico_double/double_aeabi_rp2040.S.o
                0x0000000010002754                __wrap___aeabi_ui2d
                0x000000001000275c                __wrap___aeabi_i2d
 .text.__wrap___aeabi_d2iz
                0x000000001000278c       0x48 CMakeFiles/RP2040-Touch-LCD-1.69.dir/home/oscar/pico/pico-sdk/src/rp2_common/pico_double/double_aeabi_rp2040.S.o
                0x000000001000278c                __wrap___aeabi_d2iz
                0x000000001000278c                double2int_z
 .text.__wrap___aeabi_d2uiz
                0x00000000100027d4       0x18 CMakeFiles/RP2040-Touch-LCD-1.69.dir/home/oscar/pico/pico-sdk/src/rp2_common/pico_double/double_aeabi_rp2040.S.o
                0x00000000100027d4                double2uint
                0x00000000100027d4                __wrap___aeabi_d2uiz
 .text.fix642double
                0x00000000100027ec       0x18 CMakeFiles/RP2040-Touch-LCD-1.69.dir/home/oscar/pico/pico-sdk/src/rp2_common/pico_double/double_aeabi_rp2040.S.o
                0x00000000100027ec                fix642double
 .text.__wrap_sincostan_remainder
                0x0000000010002804       0x14 CMakeFiles/RP2040-Touch-LCD-1.69.dir/home/oscar/pico/pico-sdk/src/rp2_common/pico_double/double_aeabi_rp2040.S.o
                0x0000000010002804                sincostan_remainder
 .text.__wrap_cos
                0x0000000010002818       0x2c CMakeFiles/RP2040-Touch-LCD-1.69.dir/home/oscar/pico/pico-sdk/src/rp2_common/pico_double/double_aeabi_rp2040.S.o
                0x0000000010002818                __wrap_cos
 .text.__wrap_sin
                0x0000000010002844       0x2c CMakeFiles/RP2040-Touch-LCD-1.69.dir/home/oscar/pico/pico-sdk/src/rp2_common/pico_double/double_aeabi_rp2040.S.o
                0x0000000010002844                __wrap_sin
 .text.__aeabi_double_init
                0x0000000010002870       0xa0 CMakeFiles/RP2040-Touch-LCD-1.69.dir/home/oscar/pico/pico-sdk/src/rp2_common/pico_double/double_init_rom_rp2040.c.o
                0x0000000010002870                __aeabi_double_init
 .text.__wrap_remquo
                0x0000000010002910      0x2a0 CMakeFiles/RP2040-Touch-LCD-1.69.dir/home/oscar/pico/pico-sdk/src/rp2_common/pico_double/double_math.c.o
                0x0000000010002910                __wrap_remquo
 .text.__wrap_remainder
                0x0000000010002bb0       0x10 CMakeFiles/RP2040-Touch-LCD-1.69.dir/home/oscar/pico/pico-sdk/src/rp2_common/pico_double/double_math.c.o
                0x0000000010002bb0                __wrap_remainder
 .text.double_table_shim_on_use_helper
                0x0000000010002bc0       0x2c CMakeFiles/RP2040-Touch-LCD-1.69.dir/home/oscar/pico/pico-sdk/src/rp2_common/pico_double/double_v1_rom_shim_rp2040.S.o
                0x0000000010002bc0                double_table_shim_on_use_helper
 .text.__wrap___aeabi_dsub
                0x0000000010002bec       0x10 CMakeFiles/RP2040-Touch-LCD-1.69.dir/home/oscar/pico/pico-sdk/src/rp2_common/pico_double/double_v1_rom_shim_rp2040.S.o
                0x0000000010002bec                drsub_shim
                0x0000000010002bf2                dsub_shim
 .text.dadd_shim
                0x0000000010002bfc      0x15c CMakeFiles/RP2040-Touch-LCD-1.69.dir/home/oscar/pico/pico-sdk/src/rp2_common/pico_double/double_v1_rom_shim_rp2040.S.o
                0x0000000010002bfc                dadd_shim
 .text.dmul_shim
                0x0000000010002d58      0x15c CMakeFiles/RP2040-Touch-LCD-1.69.dir/home/oscar/pico/pico-sdk/src/rp2_common/pico_double/double_v1_rom_shim_rp2040.S.o
                0x0000000010002d58                dmul_shim
 .text.ddiv_shim
                0x0000000010002eb4      0x1b0 CMakeFiles/RP2040-Touch-LCD-1.69.dir/home/oscar/pico/pico-sdk/src/rp2_common/pico_double/double_v1_rom_shim_rp2040.S.o
                0x0000000010002eb4                ddiv_shim
 .text.dcordic_vec_step
                0x0000000010003064        0xe CMakeFiles/RP2040-Touch-LCD-1.69.dir/home/oscar/pico/pico-sdk/src/rp2_common/pico_double/double_v1_rom_shim_rp2040.S.o
                0x0000000010003064                dcordic_vec_step
 .text.dcordic_rot_step
                0x0000000010003072       0x76 CMakeFiles/RP2040-Touch-LCD-1.69.dir/home/oscar/pico/pico-sdk/src/rp2_common/pico_double/double_v1_rom_shim_rp2040.S.o
                0x0000000010003072                dcordic_rot_step
 .text.double2uint_shim
                0x00000000100030e8        0xe CMakeFiles/RP2040-Touch-LCD-1.69.dir/home/oscar/pico/pico-sdk/src/rp2_common/pico_double/double_v1_rom_shim_rp2040.S.o
                0x00000000100030e8                double2uint_shim
                0x00000000100030ea                double2ufix_shim
 .text.double2int64_shim
                0x00000000100030f6       0x1a CMakeFiles/RP2040-Touch-LCD-1.69.dir/home/oscar/pico/pico-sdk/src/rp2_common/pico_double/double_v1_rom_shim_rp2040.S.o
                0x00000000100030f6                double2int64_shim
                0x00000000100030f8                double2fix64_shim
 .text.double2uint64_shim
                0x0000000010003110       0x70 CMakeFiles/RP2040-Touch-LCD-1.69.dir/home/oscar/pico/pico-sdk/src/rp2_common/pico_double/double_v1_rom_shim_rp2040.S.o
                0x0000000010003110                double2uint64_shim
                0x0000000010003112                double2ufix64_shim
                0x0000000010003132                d2fix_a
 .text.x2double_shims
                0x0000000010003180       0x90 CMakeFiles/RP2040-Touch-LCD-1.69.dir/home/oscar/pico/pico-sdk/src/rp2_common/pico_double/double_v1_rom_shim_rp2040.S.o
                0x0000000010003180                uint2double_shim
                0x0000000010003182                ufix2double_shim
                0x0000000010003188                int2double_shim
                0x000000001000318a                fix2double_shim
                0x0000000010003190                uint642double_shim
                0x0000000010003192                ufix642double_shim
                0x0000000010003198                int642double_shim
                0x000000001000319a                fix642double_shim
 .text.dunpacks
                0x0000000010003210       0x3c CMakeFiles/RP2040-Touch-LCD-1.69.dir/home/oscar/pico/pico-sdk/src/rp2_common/pico_double/double_v1_rom_shim_rp2040.S.o
                0x0000000010003210                dunpacks
 .text.dreduce  0x000000001000324c       0x82 CMakeFiles/RP2040-Touch-LCD-1.69.dir/home/oscar/pico/pico-sdk/src/rp2_common/pico_double/double_v1_rom_shim_rp2040.S.o
                0x000000001000324c                dreduce
 .text.dcos_shim
                0x00000000100032ce       0x10 CMakeFiles/RP2040-Touch-LCD-1.69.dir/home/oscar/pico/pico-sdk/src/rp2_common/pico_double/double_v1_rom_shim_rp2040.S.o
                0x00000000100032ce                dcos_shim
 .text.dsin_shim
                0x00000000100032de       0x14 CMakeFiles/RP2040-Touch-LCD-1.69.dir/home/oscar/pico/pico-sdk/src/rp2_common/pico_double/double_v1_rom_shim_rp2040.S.o
                0x00000000100032de                dsin_shim
 *fill*         0x00000000100032f2        0x2 
 .text.dtrig_guts
                0x00000000100032f4      0x2ec CMakeFiles/RP2040-Touch-LCD-1.69.dir/home/oscar/pico/pico-sdk/src/rp2_common/pico_double/double_v1_rom_shim_rp2040.S.o
                0x00000000100033cc                datan2_shim
 .text.__aeabi_lmul
                0x00000000100035e0       0x32 CMakeFiles/RP2040-Touch-LCD-1.69.dir/home/oscar/pico/pico-sdk/src/rp2_common/pico_int64_ops/pico_int64_ops_aeabi.S.o
                0x00000000100035e0                __wrap___aeabi_lmul
 *fill*         0x0000000010003612        0x2 
 .text.__wrap___aeabi_farithmetic
                0x0000000010003614       0x48 CMakeFiles/RP2040-Touch-LCD-1.69.dir/home/oscar/pico/pico-sdk/src/rp2_common/pico_float/float_aeabi_rp2040.S.o
                0x0000000010003614                __wrap___aeabi_frsub
                0x000000001000361a                __wrap___aeabi_fsub
                0x0000000010003620                __wrap___aeabi_fadd
                0x0000000010003626                __wrap___aeabi_fdiv
                0x000000001000364e                __wrap___aeabi_fmul
 .text.__wrap___aeabi_i2f
                0x000000001000365c       0x44 CMakeFiles/RP2040-Touch-LCD-1.69.dir/home/oscar/pico/pico-sdk/src/rp2_common/pico_float/float_aeabi_rp2040.S.o
                0x000000001000365c                int2float
                0x000000001000365c                __wrap___aeabi_i2f
 .text.__wrap___aeabi_f2d
                0x00000000100036a0       0x14 CMakeFiles/RP2040-Touch-LCD-1.69.dir/home/oscar/pico/pico-sdk/src/rp2_common/pico_float/float_aeabi_rp2040.S.o
                0x00000000100036a0                __wrap___aeabi_f2d
 .text.__aeabi_float_init
                0x00000000100036b4       0x64 CMakeFiles/RP2040-Touch-LCD-1.69.dir/home/oscar/pico/pico-sdk/src/rp2_common/pico_float/float_init_rom_rp2040.c.o
                0x00000000100036b4                __aeabi_float_init
 .text.float_table_shim_on_use_helper
                0x0000000010003718       0x2c CMakeFiles/RP2040-Touch-LCD-1.69.dir/home/oscar/pico/pico-sdk/src/rp2_common/pico_float/float_v1_rom_shim_rp2040.S.o
                0x0000000010003718                float_table_shim_on_use_helper
 .text.float2double_shim
                0x0000000010003744       0x30 CMakeFiles/RP2040-Touch-LCD-1.69.dir/home/oscar/pico/pico-sdk/src/rp2_common/pico_float/float_v1_rom_shim_rp2040.S.o
                0x0000000010003744                float2double_shim
 .text.__wrap_free
                0x0000000010003774        0x8 CMakeFiles/RP2040-Touch-LCD-1.69.dir/home/oscar/pico/pico-sdk/src/rp2_common/pico_malloc/malloc.c.o
                0x0000000010003774                __wrap_free
 .text          0x000000001000377c       0x10 CMakeFiles/RP2040-Touch-LCD-1.69.dir/home/oscar/pico/pico-sdk/src/rp2_common/pico_mem_ops/mem_ops_aeabi.S.o
                0x000000001000377c                __aeabi_mem_init
 .text.memset   0x000000001000378c        0xc CMakeFiles/RP2040-Touch-LCD-1.69.dir/home/oscar/pico/pico-sdk/src/rp2_common/pico_mem_ops/mem_ops_aeabi.S.o
                0x000000001000378c                __wrap_memset
 .text.memcpy   0x0000000010003798        0xc CMakeFiles/RP2040-Touch-LCD-1.69.dir/home/oscar/pico/pico-sdk/src/rp2_common/pico_mem_ops/mem_ops_aeabi.S.o
                0x0000000010003798                __wrap___aeabi_memcpy
                0x0000000010003798                __wrap_memcpy
 .text._out_buffer
                0x00000000100037a4        0x8 CMakeFiles/RP2040-Touch-LCD-1.69.dir/home/oscar/pico/pico-sdk/src/rp2_common/pico_printf/printf.c.o
 .text._out_null
                0x00000000100037ac        0x4 CMakeFiles/RP2040-Touch-LCD-1.69.dir/home/oscar/pico/pico-sdk/src/rp2_common/pico_printf/printf.c.o
 .text._out_rev
                0x00000000100037b0       0x9c CMakeFiles/RP2040-Touch-LCD-1.69.dir/home/oscar/pico/pico-sdk/src/rp2_common/pico_printf/printf.c.o
 .text._ntoa_format
                0x000000001000384c      0x1cc CMakeFiles/RP2040-Touch-LCD-1.69.dir/home/oscar/pico/pico-sdk/src/rp2_common/pico_printf/printf.c.o
 .text._out_char
                0x0000000010003a18       0x10 CMakeFiles/RP2040-Touch-LCD-1.69.dir/home/oscar/pico/pico-sdk/src/rp2_common/pico_printf/printf.c.o
 .text._out_fct
                0x0000000010003a28       0x10 CMakeFiles/RP2040-Touch-LCD-1.69.dir/home/oscar/pico/pico-sdk/src/rp2_common/pico_printf/printf.c.o
 .text._etoa    0x0000000010003a38      0x44c CMakeFiles/RP2040-Touch-LCD-1.69.dir/home/oscar/pico/pico-sdk/src/rp2_common/pico_printf/printf.c.o
 .text._ftoa    0x0000000010003e84      0x398 CMakeFiles/RP2040-Touch-LCD-1.69.dir/home/oscar/pico/pico-sdk/src/rp2_common/pico_printf/printf.c.o
 .text._vsnprintf
                0x000000001000421c      0xb04 CMakeFiles/RP2040-Touch-LCD-1.69.dir/home/oscar/pico/pico-sdk/src/rp2_common/pico_printf/printf.c.o
 .text.__wrap_sprintf
                0x0000000010004d20       0x28 CMakeFiles/RP2040-Touch-LCD-1.69.dir/home/oscar/pico/pico-sdk/src/rp2_common/pico_printf/printf.c.o
                0x0000000010004d20                __wrap_sprintf
 .text.vfctprintf
                0x0000000010004d48       0x20 CMakeFiles/RP2040-Touch-LCD-1.69.dir/home/oscar/pico/pico-sdk/src/rp2_common/pico_printf/printf.c.o
                0x0000000010004d48                vfctprintf
 .text.weak_raw_vprintf
                0x0000000010004d68       0x30 CMakeFiles/RP2040-Touch-LCD-1.69.dir/home/oscar/pico/pico-sdk/src/rp2_common/pico_printf/printf.c.o
                0x0000000010004d68                weak_raw_vprintf
 .text._exit    0x0000000010004d98        0x4 CMakeFiles/RP2040-Touch-LCD-1.69.dir/home/oscar/pico/pico-sdk/src/rp2_common/pico_clib_interface/newlib_interface.c.o
                0x0000000010004d98                _exit
 .text._sbrk    0x0000000010004d9c       0x34 CMakeFiles/RP2040-Touch-LCD-1.69.dir/home/oscar/pico/pico-sdk/src/rp2_common/pico_clib_interface/newlib_interface.c.o
                0x0000000010004d9c                _sbrk
 .text._gettimeofday
                0x0000000010004dd0       0x40 CMakeFiles/RP2040-Touch-LCD-1.69.dir/home/oscar/pico/pico-sdk/src/rp2_common/pico_clib_interface/newlib_interface.c.o
                0x0000000010004dd0                _gettimeofday
 .text._read    0x0000000010004e10       0x24 CMakeFiles/RP2040-Touch-LCD-1.69.dir/home/oscar/pico/pico-sdk/src/rp2_common/pico_clib_interface/newlib_interface.c.o
                0x0000000010004e10                _read
 .text._write   0x0000000010004e34       0x24 CMakeFiles/RP2040-Touch-LCD-1.69.dir/home/oscar/pico/pico-sdk/src/rp2_common/pico_clib_interface/newlib_interface.c.o
                0x0000000010004e34                _write
 .text._close   0x0000000010004e58        0x8 CMakeFiles/RP2040-Touch-LCD-1.69.dir/home/oscar/pico/pico-sdk/src/rp2_common/pico_clib_interface/newlib_interface.c.o
                0x0000000010004e58                _close
 .text._lseek   0x0000000010004e60        0x8 CMakeFiles/RP2040-Touch-LCD-1.69.dir/home/oscar/pico/pico-sdk/src/rp2_common/pico_clib_interface/newlib_interface.c.o
                0x0000000010004e60                _lseek
 .text.exit     0x0000000010004e68        0x8 CMakeFiles/RP2040-Touch-LCD-1.69.dir/home/oscar/pico/pico-sdk/src/rp2_common/pico_clib_interface/newlib_interface.c.o
                0x0000000010004e68                exit
 .text.runtime_init
                0x0000000010004e70       0x2c CMakeFiles/RP2040-Touch-LCD-1.69.dir/home/oscar/pico/pico-sdk/src/rp2_common/pico_clib_interface/newlib_interface.c.o
                0x0000000010004e70                runtime_init
 .text.stdio_out_chars_no_crlf
                0x0000000010004e9c       0x10 CMakeFiles/RP2040-Touch-LCD-1.69.dir/home/oscar/pico/pico-sdk/src/rp2_common/pico_stdio/stdio.c.o
 .text.stdio_out_chars_crlf
                0x0000000010004eac       0xb4 CMakeFiles/RP2040-Touch-LCD-1.69.dir/home/oscar/pico/pico-sdk/src/rp2_common/pico_stdio/stdio.c.o
 .text.stdio_buffered_printer
                0x0000000010004f60       0x64 CMakeFiles/RP2040-Touch-LCD-1.69.dir/home/oscar/pico/pico-sdk/src/rp2_common/pico_stdio/stdio.c.o
 .text.stdio_put_string
                0x0000000010004fc4      0x100 CMakeFiles/RP2040-Touch-LCD-1.69.dir/home/oscar/pico/pico-sdk/src/rp2_common/pico_stdio/stdio.c.o
                0x0000000010004fc4                stdio_put_string
 .text.stdio_get_until
                0x00000000100050c4       0x84 CMakeFiles/RP2040-Touch-LCD-1.69.dir/home/oscar/pico/pico-sdk/src/rp2_common/pico_stdio/stdio.c.o
                0x00000000100050c4                stdio_get_until
 .text.stdio_set_driver_enabled
                0x0000000010005148       0x30 CMakeFiles/RP2040-Touch-LCD-1.69.dir/home/oscar/pico/pico-sdk/src/rp2_common/pico_stdio/stdio.c.o
                0x0000000010005148                stdio_set_driver_enabled
 .text.stdio_init_all
                0x0000000010005178        0xc CMakeFiles/RP2040-Touch-LCD-1.69.dir/home/oscar/pico/pico-sdk/src/rp2_common/pico_stdio/stdio.c.o
                0x0000000010005178                stdio_init_all
 .text.__wrap_putchar
                0x0000000010005184       0x98 CMakeFiles/RP2040-Touch-LCD-1.69.dir/home/oscar/pico/pico-sdk/src/rp2_common/pico_stdio/stdio.c.o
                0x0000000010005184                stdio_putchar
                0x0000000010005184                __wrap_putchar
 .text.__wrap_puts
                0x000000001000521c       0x3c CMakeFiles/RP2040-Touch-LCD-1.69.dir/home/oscar/pico/pico-sdk/src/rp2_common/pico_stdio/stdio.c.o
                0x000000001000521c                __wrap_puts
                0x000000001000521c                stdio_puts
 .text.__wrap_vprintf
                0x0000000010005258       0xd8 CMakeFiles/RP2040-Touch-LCD-1.69.dir/home/oscar/pico/pico-sdk/src/rp2_common/pico_stdio/stdio.c.o
                0x0000000010005258                __wrap_vprintf
                0x0000000010005258                stdio_vprintf
 .text.__wrap_printf
                0x0000000010005330       0x18 CMakeFiles/RP2040-Touch-LCD-1.69.dir/home/oscar/pico/pico-sdk/src/rp2_common/pico_stdio/stdio.c.o
                0x0000000010005330                stdio_printf
                0x0000000010005330                __wrap_printf
 .text.stdio_uart_out_chars
                0x0000000010005348       0x4c CMakeFiles/RP2040-Touch-LCD-1.69.dir/home/oscar/pico/pico-sdk/src/rp2_common/pico_stdio_uart/stdio_uart.c.o
 .text.stdio_uart_in_chars
                0x0000000010005394       0x84 CMakeFiles/RP2040-Touch-LCD-1.69.dir/home/oscar/pico/pico-sdk/src/rp2_common/pico_stdio_uart/stdio_uart.c.o
                0x0000000010005394                stdio_uart_in_chars
 .text.on_uart_rx
                0x0000000010005418       0x28 CMakeFiles/RP2040-Touch-LCD-1.69.dir/home/oscar/pico/pico-sdk/src/rp2_common/pico_stdio_uart/stdio_uart.c.o
 .text.stdio_uart_out_flush
                0x0000000010005440       0x14 CMakeFiles/RP2040-Touch-LCD-1.69.dir/home/oscar/pico/pico-sdk/src/rp2_common/pico_stdio_uart/stdio_uart.c.o
 .text.stdio_uart_set_chars_available_callback
                0x0000000010005454       0x88 CMakeFiles/RP2040-Touch-LCD-1.69.dir/home/oscar/pico/pico-sdk/src/rp2_common/pico_stdio_uart/stdio_uart.c.o
 .text.stdio_uart_init
                0x00000000100054dc       0x50 CMakeFiles/RP2040-Touch-LCD-1.69.dir/home/oscar/pico/pico-sdk/src/rp2_common/pico_stdio_uart/stdio_uart.c.o
                0x00000000100054dc                stdio_uart_init
 .text.spi_init
                0x000000001000552c      0x134 CMakeFiles/RP2040-Touch-LCD-1.69.dir/home/oscar/pico/pico-sdk/src/rp2_common/hardware_spi/spi.c.o
                0x000000001000552c                spi_init
 .text.i2c_read_blocking_internal.constprop.0
                0x0000000010005660       0xb4 CMakeFiles/RP2040-Touch-LCD-1.69.dir/home/oscar/pico/pico-sdk/src/rp2_common/hardware_i2c/i2c.c.o
 .text.i2c_write_blocking_internal.constprop.0
                0x0000000010005714       0xd0 CMakeFiles/RP2040-Touch-LCD-1.69.dir/home/oscar/pico/pico-sdk/src/rp2_common/hardware_i2c/i2c.c.o
 .text.i2c_set_baudrate
                0x00000000100057e4       0xc0 CMakeFiles/RP2040-Touch-LCD-1.69.dir/home/oscar/pico/pico-sdk/src/rp2_common/hardware_i2c/i2c.c.o
                0x00000000100057e4                i2c_set_baudrate
 .text.i2c_init
                0x00000000100058a4       0x54 CMakeFiles/RP2040-Touch-LCD-1.69.dir/home/oscar/pico/pico-sdk/src/rp2_common/hardware_i2c/i2c.c.o
                0x00000000100058a4                i2c_init
 .text.i2c_write_blocking
                0x00000000100058f8       0x14 CMakeFiles/RP2040-Touch-LCD-1.69.dir/home/oscar/pico/pico-sdk/src/rp2_common/hardware_i2c/i2c.c.o
                0x00000000100058f8                i2c_write_blocking
 .text.i2c_read_blocking
                0x000000001000590c       0x14 CMakeFiles/RP2040-Touch-LCD-1.69.dir/home/oscar/pico/pico-sdk/src/rp2_common/hardware_i2c/i2c.c.o
                0x000000001000590c                i2c_read_blocking
 .text.adc_init
                0x0000000010005920       0x38 CMakeFiles/RP2040-Touch-LCD-1.69.dir/home/oscar/pico/pico-sdk/src/rp2_common/hardware_adc/adc.c.o
                0x0000000010005920                adc_init
 .text.dma_claim_unused_channel
                0x0000000010005958       0x20 CMakeFiles/RP2040-Touch-LCD-1.69.dir/home/oscar/pico/pico-sdk/src/rp2_common/hardware_dma/dma.c.o
                0x0000000010005958                dma_claim_unused_channel
 .text.set_x_anim
                0x0000000010005978        0xc examples/libexamples.a(LCD_1in69_LVGL_test.c.o)
 .text.event_handler
                0x0000000010005984       0xe4 examples/libexamples.a(LCD_1in69_LVGL_test.c.o)
 .text.update_clock_hands
                0x0000000010005a68      0x1e0 examples/libexamples.a(LCD_1in69_LVGL_test.c.o)
 .text.timer_callback
                0x0000000010005c48       0x6c examples/libexamples.a(LCD_1in69_LVGL_test.c.o)
 .text.roller_event_handler
                0x0000000010005cb4       0xa4 examples/libexamples.a(LCD_1in69_LVGL_test.c.o)
 .text.lv_example_get_started_1
                0x0000000010005d58      0x4f0 examples/libexamples.a(LCD_1in69_LVGL_test.c.o)
                0x0000000010005d58                lv_example_get_started_1
 .text.LCD_1in69_LVGL_Test
                0x0000000010006248       0x84 examples/libexamples.a(LCD_1in69_LVGL_test.c.o)
                0x0000000010006248                LCD_1in69_LVGL_Test
 .text.ts_read_cb
                0x00000000100062cc       0x24 examples/libexamples.a(LVGL_example.c.o)
 .text.dma_handler
                0x00000000100062f0       0x38 examples/libexamples.a(LVGL_example.c.o)
 .text.disp_flush_cb
                0x0000000010006328       0x70 examples/libexamples.a(LVGL_example.c.o)
 .text.repeating_lvgl_timer_callback
                0x0000000010006398        0xc examples/libexamples.a(LVGL_example.c.o)
 .text.update_imu_data
                0x00000000100063a4       0x74 examples/libexamples.a(LVGL_example.c.o)
 .text.repeating_imu_data_update_timer_callback
                0x0000000010006418       0x48 examples/libexamples.a(LVGL_example.c.o)
 .text.update_rtc_data
                0x0000000010006460       0xc0 examples/libexamples.a(LVGL_example.c.o)
 .text.repeating_rtc_update_timer_callback
                0x0000000010006520       0x48 examples/libexamples.a(LVGL_example.c.o)
 .text.touch_callback
                0x0000000010006568       0x44 examples/libexamples.a(LVGL_example.c.o)
 .text.LVGL_Init
                0x00000000100065ac      0x108 examples/libexamples.a(LVGL_example.c.o)
                0x00000000100065ac                LVGL_Init
 .text.LCD_1IN69_Init
                0x00000000100066b4      0x8f0 lib/LCD/libLCD.a(LCD_1in69.c.o)
                0x00000000100066b4                LCD_1IN69_Init
 .text.LCD_1IN69_SetWindows
                0x0000000010006fa4      0x2a4 lib/LCD/libLCD.a(LCD_1in69.c.o)
                0x0000000010006fa4                LCD_1IN69_SetWindows
 .text.LCD_1IN69_Clear
                0x0000000010007248       0x64 lib/LCD/libLCD.a(LCD_1in69.c.o)
                0x0000000010007248                LCD_1IN69_Clear
 .text.CST816S_init
                0x00000000100072ac       0xd0 lib/Touch/libTouch.a(CST816S.c.o)
                0x00000000100072ac                CST816S_init
 .text.CST816S_Get_Point
                0x000000001000737c       0x68 lib/Touch/libTouch.a(CST816S.c.o)
                0x000000001000737c                CST816S_Get_Point
 .text.CST816S_Get_Gesture
                0x00000000100073e4       0x14 lib/Touch/libTouch.a(CST816S.c.o)
                0x00000000100073e4                CST816S_Get_Gesture
 .text.QMI8658_config_acc
                0x00000000100073f8       0x98 lib/QMI8658/libQMI8658.a(QMI8658.c.o)
                0x00000000100073f8                QMI8658_config_acc
 .text.QMI8658_config_gyro
                0x0000000010007490       0xe4 lib/QMI8658/libQMI8658.a(QMI8658.c.o)
                0x0000000010007490                QMI8658_config_gyro
 .text.QMI8658_config_ae
                0x0000000010007574       0x68 lib/QMI8658/libQMI8658.a(QMI8658.c.o)
                0x0000000010007574                QMI8658_config_ae
 .text.QMI8658_read_xyz
                0x00000000100075dc      0x134 lib/QMI8658/libQMI8658.a(QMI8658.c.o)
                0x00000000100075dc                QMI8658_read_xyz
 .text.QMI8658_Config_apply
                0x0000000010007710       0xc0 lib/QMI8658/libQMI8658.a(QMI8658.c.o)
                0x0000000010007710                QMI8658_Config_apply
 .text.QMI8658_init
                0x00000000100077d0      0x1b4 lib/QMI8658/libQMI8658.a(QMI8658.c.o)
                0x00000000100077d0                QMI8658_init
 .text          0x0000000010007984      0x5c0 lib/lvgl/libLVGL.a(lv_disp.c.o)
                0x0000000010007a24                lv_disp_get_scr_act
                0x0000000010007a40                lv_disp_get_scr_prev
                0x0000000010007a5c                lv_disp_load_scr
                0x0000000010007ab0                lv_disp_get_layer_top
                0x0000000010007acc                lv_disp_get_layer_sys
                0x0000000010007ae8                lv_disp_set_theme
                0x0000000010007b34                lv_disp_get_theme
                0x0000000010007b44                lv_disp_set_bg_color
                0x0000000010007b8c                lv_disp_set_bg_image
                0x0000000010007bd4                lv_disp_set_bg_opa
                0x0000000010007c1c                lv_scr_load_anim
                0x0000000010007eac                lv_disp_get_inactive_time
                0x0000000010007ef0                lv_disp_trig_activity
                0x0000000010007f0c                lv_disp_clean_dcache
                0x0000000010007f28                _lv_disp_get_refr_timer
 .text          0x0000000010007f44      0x480 lib/lvgl/libLVGL.a(lv_event.c.o)
                0x0000000010008054                lv_event_send
                0x0000000010008094                lv_obj_event_base
                0x00000000100080c4                lv_event_get_target
                0x00000000100080c8                lv_event_get_current_target
                0x00000000100080cc                lv_event_get_code
                0x00000000100080d0                lv_event_get_param
                0x00000000100080d4                lv_event_get_user_data
                0x00000000100080d8                lv_event_register_id
                0x00000000100080e8                _lv_event_mark_deleted
                0x0000000010008118                lv_obj_add_event_cb
                0x000000001000816c                lv_obj_remove_event_cb
                0x00000000100081ec                lv_obj_remove_event_cb_with_user_data
                0x0000000010008280                lv_obj_remove_event_dsc
                0x00000000100082fc                lv_event_get_indev
                0x000000001000830c                lv_event_get_draw_part_dsc
                0x000000001000831c                lv_event_get_clip_area
                0x000000001000832c                lv_event_get_old_size
                0x000000001000833c                lv_event_get_key
                0x0000000010008350                lv_event_get_scroll_anim
                0x0000000010008360                lv_event_set_ext_draw_size
                0x0000000010008380                lv_event_get_self_size_info
                0x0000000010008390                lv_event_get_hit_test_info
                0x00000000100083a0                lv_event_get_cover_area
                0x00000000100083b0                lv_event_set_cover_res
 .text          0x00000000100083c4     0x10ec lib/lvgl/libLVGL.a(lv_indev.c.o)
                0x000000001000846c                lv_indev_enable
                0x0000000010008488                lv_indev_get_act
                0x0000000010008494                lv_indev_get_type
                0x00000000100084a4                lv_indev_reset
                0x0000000010008584                lv_indev_reset_long_press
                0x00000000100085a0                lv_indev_set_cursor
                0x00000000100085e4                lv_indev_set_group
                0x00000000100085f4                lv_indev_set_button_points
                0x0000000010008600                lv_indev_get_point
                0x0000000010008630                lv_indev_get_gesture_dir
                0x0000000010008638                lv_indev_get_key
                0x0000000010008648                lv_indev_get_scroll_dir
                0x0000000010008668                lv_indev_get_scroll_obj
                0x0000000010008684                lv_indev_get_vect
                0x00000000100086a8                lv_indev_wait_release
                0x00000000100086b8                lv_indev_get_obj_act
                0x00000000100086c4                lv_indev_get_read_timer
                0x00000000100086d0                lv_indev_search_obj
                0x0000000010008be8                lv_indev_read_timer_cb
 .text          0x00000000100094b0      0xc0c lib/lvgl/libLVGL.a(lv_indev_scroll.c.o)
                0x00000000100098a8                _lv_indev_scroll_handler
                0x0000000010009d88                _lv_indev_scroll_throw_handler
                0x000000001000a04c                lv_indev_scroll_throw_predict
                0x000000001000a090                lv_indev_scroll_get_snap_dist
 .text          0x000000001000a0bc     0x10a4 lib/lvgl/libLVGL.a(lv_obj.c.o)
                0x000000001000ae80                lv_is_initialized
                0x000000001000ae8c                lv_init
                0x000000001000aee0                lv_deinit
                0x000000001000aefc                lv_obj_create
                0x000000001000af14                lv_obj_add_flag
                0x000000001000af84                lv_obj_clear_flag
                0x000000001000b000                lv_obj_add_state
                0x000000001000b010                lv_obj_clear_state
                0x000000001000b024                lv_obj_has_flag
                0x000000001000b034                lv_obj_has_flag_any
                0x000000001000b040                lv_obj_get_state
                0x000000001000b044                lv_obj_has_state
                0x000000001000b050                lv_obj_get_group
                0x000000001000b05c                lv_obj_allocate_spec_attr
                0x000000001000b0a0                lv_obj_check_type
                0x000000001000b0b4                lv_obj_has_class
                0x000000001000b0d0                lv_obj_get_class
                0x000000001000b0d4                lv_obj_is_valid
 .text          0x000000001000b160      0x2b4 lib/lvgl/libLVGL.a(lv_obj_class.c.o)
                0x000000001000b1cc                lv_obj_class_create_obj
                0x000000001000b2b4                lv_obj_class_init_obj
                0x000000001000b39c                _lv_obj_destruct
                0x000000001000b3c4                lv_obj_is_editable
                0x000000001000b3ec                lv_obj_is_group_def
 .text          0x000000001000b414      0x758 lib/lvgl/libLVGL.a(lv_obj_draw.c.o)
                0x000000001000b414                lv_obj_init_draw_rect_dsc
                0x000000001000b704                lv_obj_init_draw_label_dsc
                0x000000001000b7c4                lv_obj_init_draw_img_dsc
                0x000000001000b864                lv_obj_init_draw_line_dsc
                0x000000001000b920                lv_obj_init_draw_arc_dsc
                0x000000001000b9bc                lv_obj_calculate_ext_draw_size
                0x000000001000bad0                lv_obj_draw_dsc_init
                0x000000001000bae0                lv_obj_draw_part_check_type
                0x000000001000baf8                lv_obj_refresh_ext_draw_size
                0x000000001000bb5c                _lv_obj_get_ext_draw_size
 .text          0x000000001000bb6c     0x2344 lib/lvgl/libLVGL.a(lv_obj_pos.c.o)
                0x000000001000be28                lv_obj_set_pos
                0x000000001000be98                lv_obj_set_x
                0x000000001000becc                lv_obj_set_y
                0x000000001000bf00                lv_obj_set_size
                0x000000001000bf70                lv_obj_set_width
                0x000000001000bfa4                lv_obj_set_height
                0x000000001000bfd8                lv_obj_set_content_width
                0x000000001000c044                lv_obj_set_content_height
                0x000000001000c0b0                lv_obj_set_layout
                0x000000001000c0e0                lv_obj_is_layout_positioned
                0x000000001000c118                lv_obj_mark_layout_as_dirty
                0x000000001000c13c                lv_layout_register
                0x000000001000c178                lv_obj_set_align
                0x000000001000c184                lv_obj_align
                0x000000001000c1fc                lv_obj_get_coords
                0x000000001000c218                lv_obj_get_x
                0x000000001000c26c                lv_obj_get_x2
                0x000000001000c2d0                lv_obj_get_y
                0x000000001000c324                lv_obj_get_y2
                0x000000001000c388                lv_obj_get_width
                0x000000001000c398                lv_obj_get_height
                0x000000001000c3a8                lv_obj_get_content_width
                0x000000001000c3f0                lv_obj_get_content_height
                0x000000001000c438                lv_obj_get_content_coords
                0x000000001000c4c0                lv_obj_get_self_width
                0x000000001000c4e0                lv_obj_get_self_height
                0x000000001000c500                lv_obj_refresh_self_size
                0x000000001000c55c                lv_obj_move_children_by
                0x000000001000c618                lv_obj_area_is_visible
                0x000000001000c6d4                lv_obj_invalidate_area
                0x000000001000c708                lv_obj_invalidate
                0x000000001000c74c                lv_obj_move_to
                0x000000001000ccb4                lv_obj_refr_pos
                0x000000001000d5c0                lv_obj_refr_size
                0x000000001000d690                lv_obj_align_to
                0x000000001000dc58                lv_obj_update_layout
                0x000000001000dc98                lv_obj_is_visible
                0x000000001000dcd0                lv_obj_set_ext_click_area
                0x000000001000dce0                lv_obj_get_click_area
                0x000000001000dd14                lv_obj_hit_test
                0x000000001000dd90                lv_clamp_width
                0x000000001000de20                lv_clamp_height
 .text          0x000000001000deb0     0x1be4 lib/lvgl/libLVGL.a(lv_obj_scroll.c.o)
                0x000000001000e140                lv_obj_set_scrollbar_mode
                0x000000001000e168                lv_obj_set_scroll_dir
                0x000000001000e18c                lv_obj_set_scroll_snap_x
                0x000000001000e1ac                lv_obj_set_scroll_snap_y
                0x000000001000e1cc                lv_obj_get_scrollbar_mode
                0x000000001000e1e0                lv_obj_get_scroll_dir
                0x000000001000e1f4                lv_obj_get_scroll_snap_x
                0x000000001000e208                lv_obj_get_scroll_snap_y
                0x000000001000e21c                lv_obj_get_scroll_x
                0x000000001000e230                lv_obj_get_scroll_y
                0x000000001000e244                lv_obj_get_scroll_top
                0x000000001000e258                lv_obj_get_scroll_bottom
                0x000000001000ec54                lv_obj_get_scroll_left
                0x000000001000ec84                lv_obj_get_scroll_right
                0x000000001000ecb4                lv_obj_get_scroll_end
                0x000000001000ed1c                lv_obj_scroll_by
                0x000000001000f22c                lv_obj_scroll_to_x
                0x000000001000f3a8                lv_obj_scroll_to
                0x000000001000f524                lv_obj_scroll_to_y
                0x000000001000f698                lv_obj_scroll_to_view
                0x000000001000f6bc                lv_obj_scroll_to_view_recursive
                0x000000001000f6f8                lv_obj_is_scrolling
                0x000000001000f724                lv_obj_update_snap
                0x000000001000f8b4                lv_obj_get_scrollbar_area
                0x000000001000f8f8                lv_obj_scrollbar_invalidate
                0x000000001000f97c                lv_obj_readjust_scroll
 .text          0x000000001000fa94     0x1a24 lib/lvgl/libLVGL.a(lv_obj_style.c.o)
                0x00000000100104dc                _lv_obj_style_init
                0x00000000100104ec                lv_obj_report_style_change
                0x00000000100105c4                lv_obj_enable_style_refresh
                0x00000000100105d0                lv_obj_get_style_prop
                0x00000000100108c8                lv_obj_refresh_style
                0x00000000100108dc                lv_obj_add_style
                0x0000000010010bb0                lv_obj_remove_style
                0x0000000010010e08                lv_obj_set_local_style_prop
                0x0000000010010f38                lv_obj_get_local_style_prop
                0x0000000010010f6c                lv_obj_remove_local_style_prop
                0x0000000010010fb0                _lv_obj_style_create_transition
                0x0000000010011134                _lv_obj_style_state_compare
                0x0000000010011410                lv_obj_fade_in
                0x000000001001144c                lv_obj_fade_out
                0x0000000010011480                lv_obj_style_get_selector_state
                0x0000000010011484                lv_obj_style_get_selector_part
                0x000000001001148c                lv_obj_calculate_style_text_align
 .text          0x00000000100114b8      0x6f8 lib/lvgl/libLVGL.a(lv_obj_style_gen.c.o)
                0x00000000100114b8                lv_obj_set_style_width
                0x00000000100114cc                lv_obj_set_style_min_width
                0x00000000100114e0                lv_obj_set_style_max_width
                0x00000000100114f4                lv_obj_set_style_height
                0x0000000010011508                lv_obj_set_style_min_height
                0x000000001001151c                lv_obj_set_style_max_height
                0x0000000010011530                lv_obj_set_style_x
                0x0000000010011544                lv_obj_set_style_y
                0x0000000010011558                lv_obj_set_style_align
                0x000000001001156c                lv_obj_set_style_transform_width
                0x0000000010011580                lv_obj_set_style_transform_height
                0x0000000010011594                lv_obj_set_style_translate_x
                0x00000000100115a8                lv_obj_set_style_translate_y
                0x00000000100115bc                lv_obj_set_style_transform_zoom
                0x00000000100115d0                lv_obj_set_style_transform_angle
                0x00000000100115e4                lv_obj_set_style_pad_top
                0x00000000100115f8                lv_obj_set_style_pad_bottom
                0x000000001001160c                lv_obj_set_style_pad_left
                0x0000000010011620                lv_obj_set_style_pad_right
                0x0000000010011634                lv_obj_set_style_pad_row
                0x0000000010011648                lv_obj_set_style_pad_column
                0x000000001001165c                lv_obj_set_style_radius
                0x000000001001166c                lv_obj_set_style_clip_corner
                0x000000001001167c                lv_obj_set_style_opa
                0x0000000010011690                lv_obj_set_style_color_filter_dsc
                0x00000000100116a0                lv_obj_set_style_color_filter_opa
                0x00000000100116b0                lv_obj_set_style_anim_time
                0x00000000100116c0                lv_obj_set_style_anim_speed
                0x00000000100116d0                lv_obj_set_style_transition
                0x00000000100116e0                lv_obj_set_style_blend_mode
                0x00000000100116f0                lv_obj_set_style_layout
                0x0000000010011704                lv_obj_set_style_base_dir
                0x0000000010011718                lv_obj_set_style_bg_color
                0x0000000010011730                lv_obj_set_style_bg_color_filtered
                0x000000001001174c                lv_obj_set_style_bg_opa
                0x000000001001175c                lv_obj_set_style_bg_grad_color
                0x0000000010011774                lv_obj_set_style_bg_grad_color_filtered
                0x0000000010011790                lv_obj_set_style_bg_grad_dir
                0x00000000100117a0                lv_obj_set_style_bg_main_stop
                0x00000000100117b0                lv_obj_set_style_bg_grad_stop
                0x00000000100117c0                lv_obj_set_style_bg_img_src
                0x00000000100117d4                lv_obj_set_style_bg_img_opa
                0x00000000100117e4                lv_obj_set_style_bg_img_recolor
                0x00000000100117fc                lv_obj_set_style_bg_img_recolor_filtered
                0x0000000010011818                lv_obj_set_style_bg_img_recolor_opa
                0x0000000010011828                lv_obj_set_style_bg_img_tiled
                0x0000000010011838                lv_obj_set_style_border_color
                0x0000000010011850                lv_obj_set_style_border_color_filtered
                0x000000001001186c                lv_obj_set_style_border_opa
                0x000000001001187c                lv_obj_set_style_border_width
                0x0000000010011890                lv_obj_set_style_border_side
                0x00000000100118a0                lv_obj_set_style_border_post
                0x00000000100118b0                lv_obj_set_style_text_color
                0x00000000100118cc                lv_obj_set_style_text_color_filtered
                0x00000000100118e8                lv_obj_set_style_text_opa
                0x00000000100118f8                lv_obj_set_style_text_font
                0x000000001001190c                lv_obj_set_style_text_letter_space
                0x0000000010011920                lv_obj_set_style_text_line_space
                0x0000000010011934                lv_obj_set_style_text_decor
                0x0000000010011948                lv_obj_set_style_text_align
                0x000000001001195c                lv_obj_set_style_img_opa
                0x000000001001196c                lv_obj_set_style_img_recolor
                0x0000000010011984                lv_obj_set_style_img_recolor_filtered
                0x00000000100119a0                lv_obj_set_style_img_recolor_opa
                0x00000000100119b0                lv_obj_set_style_outline_width
                0x00000000100119c4                lv_obj_set_style_outline_color
                0x00000000100119dc                lv_obj_set_style_outline_color_filtered
                0x00000000100119f8                lv_obj_set_style_outline_opa
                0x0000000010011a0c                lv_obj_set_style_outline_pad
                0x0000000010011a20                lv_obj_set_style_shadow_width
                0x0000000010011a30                lv_obj_set_style_shadow_ofs_x
                0x0000000010011a44                lv_obj_set_style_shadow_ofs_y
                0x0000000010011a58                lv_obj_set_style_shadow_spread
                0x0000000010011a6c                lv_obj_set_style_shadow_color
                0x0000000010011a84                lv_obj_set_style_shadow_color_filtered
                0x0000000010011aa0                lv_obj_set_style_shadow_opa
                0x0000000010011ab4                lv_obj_set_style_line_width
                0x0000000010011ac8                lv_obj_set_style_line_dash_width
                0x0000000010011ad8                lv_obj_set_style_line_dash_gap
                0x0000000010011ae8                lv_obj_set_style_line_rounded
                0x0000000010011af8                lv_obj_set_style_line_color
                0x0000000010011b10                lv_obj_set_style_line_color_filtered
                0x0000000010011b2c                lv_obj_set_style_line_opa
                0x0000000010011b3c                lv_obj_set_style_arc_width
                0x0000000010011b4c                lv_obj_set_style_arc_rounded
                0x0000000010011b5c                lv_obj_set_style_arc_color
                0x0000000010011b74                lv_obj_set_style_arc_color_filtered
                0x0000000010011b90                lv_obj_set_style_arc_opa
                0x0000000010011ba0                lv_obj_set_style_arc_img_src
 .text          0x0000000010011bb0      0x7fc lib/lvgl/libLVGL.a(lv_obj_tree.c.o)
                0x0000000010011dec                lv_obj_del
                0x0000000010011eac                lv_obj_del_anim_ready_cb
                0x0000000010011ec0                lv_obj_clean
                0x0000000010011f10                lv_obj_del_delayed
                0x0000000010011f40                lv_obj_del_async
                0x0000000010011f50                lv_obj_set_parent
                0x000000001001206c                lv_obj_move_to_index
                0x0000000010012138                lv_obj_swap
                0x00000000100122b8                lv_obj_get_screen
                0x00000000100122c8                lv_obj_get_disp
                0x0000000010012318                lv_obj_get_parent
                0x0000000010012324                lv_obj_get_child
                0x0000000010012344                lv_obj_get_child_cnt
                0x0000000010012354                lv_obj_get_index
                0x00000000100123a4                lv_obj_tree_walk
 .text          0x00000000100123ac      0xf0c lib/lvgl/libLVGL.a(lv_refr.c.o)
                0x0000000010012d50                _lv_refr_init
                0x0000000010012d54                _lv_inv_area
                0x0000000010012e2c                _lv_refr_get_disp_refreshing
                0x0000000010012e38                _lv_refr_set_disp_refreshing
                0x0000000010012e44                _lv_disp_refr_timer
                0x0000000010013288                lv_refr_now
 .text          0x00000000100132b8      0x1e0 lib/lvgl/libLVGL.a(lv_theme.c.o)
                0x0000000010013318                lv_theme_get_from_obj
                0x0000000010013330                lv_theme_apply
                0x00000000100133b4                lv_theme_set_parent
                0x00000000100133b8                lv_theme_set_apply_cb
                0x00000000100133bc                lv_theme_get_font_small
                0x00000000100133e8                lv_theme_get_font_normal
                0x0000000010013414                lv_theme_get_font_large
                0x0000000010013440                lv_theme_get_color_primary
                0x000000001001346c                lv_theme_get_color_secondary
 .text          0x0000000010013498      0xa18 lib/lvgl/libLVGL.a(lv_draw_img.c.o)
                0x0000000010013b70                lv_draw_img_dsc_init
                0x0000000010013b90                lv_draw_img
                0x0000000010013e48                lv_img_cf_get_px_size
                0x0000000010013e5c                lv_img_cf_is_chroma_keyed
                0x0000000010013e74                lv_img_cf_has_alpha
                0x0000000010013e94                lv_img_src_get_type
 .text          0x0000000010013eb0      0xb88 lib/lvgl/libLVGL.a(lv_draw_label.c.o)
                0x0000000010013eb0                lv_draw_label_dsc_init
                0x0000000010013ee0                lv_draw_letter
                0x0000000010014320                lv_draw_label
 .text          0x0000000010014a38      0x99c lib/lvgl/libLVGL.a(lv_draw_line.c.o)
                0x0000000010014a38                lv_draw_line_dsc_init
                0x0000000010014a50                lv_draw_line
 .text          0x00000000100153d4     0x1cc0 lib/lvgl/libLVGL.a(lv_draw_mask.c.o)
                0x0000000010016148                lv_draw_mask_add
                0x0000000010016220                lv_draw_mask_apply
                0x0000000010016288                lv_draw_mask_apply_ids
                0x0000000010016304                lv_draw_mask_remove_id
                0x0000000010016320                lv_draw_mask_remove_custom
                0x0000000010016468                lv_draw_mask_free_param
                0x0000000010016498                _lv_draw_mask_cleanup
                0x00000000100164c0                lv_draw_mask_get_cnt
                0x0000000010016564                lv_draw_mask_is_any
                0x00000000100165c4                lv_draw_mask_line_points_init
                0x0000000010016748                lv_draw_mask_line_angle_init
                0x0000000010016904                lv_draw_mask_angle_init
                0x0000000010016a5c                lv_draw_mask_radius_init
                0x000000001001702c                lv_draw_mask_fade_init
                0x0000000010017068                lv_draw_mask_map_init
 .text          0x0000000010017094     0x2cdc lib/lvgl/libLVGL.a(lv_draw_rect.c.o)
                0x00000000100172dc                lv_draw_rect_dsc_init
                0x0000000010017324                draw_border_generic
                0x0000000010017c74                lv_draw_rect
 .text          0x0000000010019d70      0xf74 lib/lvgl/libLVGL.a(lv_img_buf.c.o)
                0x0000000010019d70                lv_img_buf_get_px_color
                0x0000000010019e5c                lv_img_buf_get_px_alpha
                0x0000000010019f48                lv_img_buf_set_px_alpha
                0x000000001001a03c                lv_img_buf_set_px_color
                0x000000001001a168                lv_img_buf_set_palette
                0x000000001001a1f4                lv_img_buf_alloc
                0x000000001001a2e8                lv_img_buf_free
                0x000000001001a300                lv_img_buf_get_img_size
                0x000000001001a398                _lv_img_buf_transform_init
                0x000000001001a4b8                _lv_img_buf_get_transformed_area
                0x000000001001a6d0                _lv_img_buf_transform_anti_alias
                0x000000001001ab68                _lv_img_buf_transform
 .text          0x000000001001ace4       0x68 lib/lvgl/libLVGL.a(lv_img_cache.c.o)
                0x000000001001ace4                _lv_img_cache_open
                0x000000001001ad44                lv_img_cache_set_size
                0x000000001001ad48                lv_img_cache_invalidate_src
 .text          0x000000001001ad4c      0x8f8 lib/lvgl/libLVGL.a(lv_img_decoder.c.o)
                0x000000001001ad4c                lv_img_decoder_built_in_close
                0x000000001001ad84                lv_img_decoder_built_in_info
                0x000000001001ae50                lv_img_decoder_built_in_read_line
                0x000000001001b204                lv_img_decoder_built_in_open
                0x000000001001b428                _lv_img_decoder_init
                0x000000001001b46c                lv_img_decoder_get_info
                0x000000001001b4d4                lv_img_decoder_open
                0x000000001001b5b4                lv_img_decoder_read_line
                0x000000001001b5d8                lv_img_decoder_close
                0x000000001001b600                lv_img_decoder_create
                0x000000001001b61c                lv_img_decoder_delete
                0x000000001001b634                lv_img_decoder_set_info_cb
                0x000000001001b638                lv_img_decoder_set_open_cb
                0x000000001001b63c                lv_img_decoder_set_read_line_cb
                0x000000001001b640                lv_img_decoder_set_close_cb
 .text          0x000000001001b644        0xc lib/lvgl/libLVGL.a(lv_extra.c.o)
                0x000000001001b644                lv_extra_init
 .text          0x000000001001b650      0x550 lib/lvgl/libLVGL.a(lv_tabview.c.o)
                0x000000001001b7f8                lv_tabview_create
                0x000000001001b81c                lv_tabview_set_act
                0x000000001001b9b0                lv_tabview_add_tab
                0x000000001001bb84                lv_tabview_get_tab_act
                0x000000001001bb88                lv_tabview_get_content
                0x000000001001bb94                lv_tabview_get_tab_btns
 .text          0x000000001001bba0      0x278 lib/lvgl/libLVGL.a(lv_tileview.c.o)
                0x000000001001bd04                lv_tileview_create
                0x000000001001bd1c                lv_tileview_add_tile
                0x000000001001bd44                lv_obj_set_tile
                0x000000001001bd80                lv_obj_set_tile_id
                0x000000001001be14                lv_tileview_get_tile_act
 .text          0x000000001001be18       0x44 lib/lvgl/libLVGL.a(lv_font.c.o)
                0x000000001001be18                lv_font_get_glyph_bitmap
                0x000000001001be28                lv_font_get_glyph_dsc
                0x000000001001be38                lv_font_get_glyph_width
 .text          0x000000001001be5c      0x4e0 lib/lvgl/libLVGL.a(lv_font_fmt_txt.c.o)
                0x000000001001be8c                lv_font_get_bitmap_fmt_txt
                0x000000001001bfac                lv_font_get_glyph_dsc_fmt_txt
                0x000000001001c338                _lv_font_clean_up_fmt_txt
 .text          0x000000001001c33c      0xacc lib/lvgl/libLVGL.a(lv_hal_disp.c.o)
                0x000000001001c894                lv_disp_drv_init
                0x000000001001c8d0                lv_disp_draw_buf_init
                0x000000001001c8ec                lv_disp_drv_register
                0x000000001001c9f8                lv_disp_drv_update
                0x000000001001cac4                lv_disp_remove
                0x000000001001cb50                lv_disp_set_default
                0x000000001001cb5c                lv_disp_get_default
                0x000000001001cb68                lv_disp_get_hor_res
                0x000000001001cb90                lv_disp_get_ver_res
                0x000000001001cbb8                lv_disp_get_physical_hor_res
                0x000000001001cbf4                lv_disp_get_physical_ver_res
                0x000000001001cc30                lv_disp_get_offset_x
                0x000000001001cc90                lv_disp_get_offset_y
                0x000000001001ccf0                lv_disp_get_antialiasing
                0x000000001001cd10                lv_disp_get_dpi
                0x000000001001cd30                lv_disp_flush_ready
                0x000000001001cd3c                lv_disp_flush_is_last
                0x000000001001cd48                lv_disp_get_next
                0x000000001001cd64                lv_disp_get_draw_buf
                0x000000001001cd6c                lv_disp_set_rotation
                0x000000001001cd9c                lv_disp_get_rotation
                0x000000001001cdbc                lv_disp_drv_use_generic_set_px_cb
 .text          0x000000001001ce08       0xc8 lib/lvgl/libLVGL.a(lv_hal_indev.c.o)
                0x000000001001ce08                lv_indev_drv_init
                0x000000001001ce28                lv_indev_drv_register
                0x000000001001ce74                lv_indev_drv_update
                0x000000001001ce78                lv_indev_get_next
                0x000000001001ce94                _lv_indev_read
 .text          0x000000001001ced0       0x40 lib/lvgl/libLVGL.a(lv_hal_tick.c.o)
                0x000000001001ced0                lv_tick_inc
                0x000000001001cee4                lv_tick_get
                0x000000001001cef8                lv_tick_elaps
 .text          0x000000001001cf10      0x7b4 lib/lvgl/libLVGL.a(lv_anim.c.o)
                0x000000001001cf10                lv_anim_path_linear
                0x000000001001d104                _lv_anim_core_init
                0x000000001001d14c                lv_anim_init
                0x000000001001d17c                lv_anim_get_playtime
                0x000000001001d1c8                lv_anim_del
                0x000000001001d36c                lv_anim_start
                0x000000001001d41c                lv_anim_del_all
                0x000000001001d450                lv_anim_get
                0x000000001001d49c                lv_anim_count_running
                0x000000001001d4c4                lv_anim_speed_to_time
                0x000000001001d4ec                lv_anim_refr_now
                0x000000001001d4f8                lv_anim_path_ease_in
                0x000000001001d52c                lv_anim_path_ease_out
                0x000000001001d568                lv_anim_path_ease_in_out
                0x000000001001d5a0                lv_anim_path_overshoot
                0x000000001001d5dc                lv_anim_path_bounce
                0x000000001001d6b4                lv_anim_path_step
 .text          0x000000001001d6c4      0x8f0 lib/lvgl/libLVGL.a(lv_area.c.o)
                0x000000001001d6c4                lv_area_set
                0x000000001001d6d8                lv_area_set_width
                0x000000001001d6e4                lv_area_set_height
                0x000000001001d6f0                _lv_area_set_pos
                0x000000001001d710                lv_area_get_size
                0x000000001001d730                lv_area_increase
                0x000000001001d750                lv_area_move
                0x000000001001d770                _lv_area_intersect
                0x000000001001d7e8                _lv_area_join
                0x000000001001d83c                _lv_area_is_point_on
                0x000000001001da38                _lv_area_is_on
                0x000000001001da78                _lv_area_is_in
                0x000000001001db18                _lv_area_is_out
                0x000000001001dbbc                lv_area_align
 .text          0x000000001001dfb4       0x54 lib/lvgl/libLVGL.a(lv_async.c.o)
                0x000000001001dfc8                lv_async_call
 .text          0x000000001001e008      0x648 lib/lvgl/libLVGL.a(lv_color.c.o)
                0x000000001001e008                lv_color_fill
                0x000000001001e0e0                lv_color_lighten
                0x000000001001e14c                lv_color_darken
                0x000000001001e1a4                lv_color_change_lightness
                0x000000001001e278                lv_color_hsv_to_rgb
                0x000000001001e360                lv_color_rgb_to_hsv
                0x000000001001e48c                lv_color_to_hsv
                0x000000001001e5f8                lv_palette_main
                0x000000001001e60c                lv_palette_lighten
                0x000000001001e630                lv_palette_darken
 .text          0x000000001001e650      0x3d8 lib/lvgl/libLVGL.a(lv_fs.c.o)
                0x000000001001e650                _lv_fs_init
                0x000000001001e660                lv_fs_is_ready
                0x000000001001e69c                lv_fs_open
                0x000000001001e724                lv_fs_close
                0x000000001001e748                lv_fs_read
                0x000000001001e78c                lv_fs_write
                0x000000001001e7d0                lv_fs_seek
                0x000000001001e7f4                lv_fs_tell
                0x000000001001e818                lv_fs_dir_open
                0x000000001001e898                lv_fs_dir_read
                0x000000001001e8c0                lv_fs_dir_close
                0x000000001001e8e8                lv_fs_drv_init
                0x000000001001e8f4                lv_fs_drv_register
                0x000000001001e90c                lv_fs_get_drv
                0x000000001001e93c                lv_fs_get_letters
                0x000000001001e978                lv_fs_get_ext
                0x000000001001e9a4                lv_fs_up
                0x000000001001e9f0                lv_fs_get_last
 .text          0x000000001001ea28       0xac lib/lvgl/libLVGL.a(lv_gc.c.o)
                0x000000001001ea28                _lv_gc_clear_roots
 .text          0x000000001001ead4      0x350 lib/lvgl/libLVGL.a(lv_ll.c.o)
                0x000000001001ead4                _lv_ll_init
                0x000000001001eae4                _lv_ll_ins_head
                0x000000001001eb14                _lv_ll_ins_prev
                0x000000001001eb74                _lv_ll_ins_tail
                0x000000001001eba4                _lv_ll_remove
                0x000000001001ebf8                _lv_ll_clear
                0x000000001001ec5c                _lv_ll_chg_list
                0x000000001001ed04                _lv_ll_get_head
                0x000000001001ed10                _lv_ll_get_tail
                0x000000001001ed1c                _lv_ll_get_next
                0x000000001001ed24                _lv_ll_get_prev
                0x000000001001ed2c                _lv_ll_get_len
                0x000000001001ed4c                _lv_ll_move_before
                0x000000001001ee08                _lv_ll_is_empty
 .text          0x000000001001ee24      0x22c lib/lvgl/libLVGL.a(lv_math.c.o)
                0x000000001001ee24                lv_trigo_sin
                0x000000001001ee84                lv_bezier3
                0x000000001001eec8                lv_sqrt
                0x000000001001eeec                lv_atan2
                0x000000001001efb0                lv_pow
                0x000000001001f004                lv_map
                0x000000001001f028                lv_rand
 .text          0x000000001001f050      0xa50 lib/lvgl/libLVGL.a(lv_mem.c.o)
                0x000000001001f074                lv_mem_init
                0x000000001001f090                lv_mem_deinit
                0x000000001001f0b0                lv_mem_free
                0x000000001001f0d0                lv_mem_test
                0x000000001001f10c                lv_mem_monitor
                0x000000001001f184                lv_mem_realloc
                0x000000001001f1e0                lv_mem_alloc
                0x000000001001f210                lv_mem_buf_get
                0x000000001001f388                lv_mem_buf_release
                0x000000001001f43c                lv_mem_buf_free_all
                0x000000001001f494                lv_memcpy
                0x000000001001f830                lv_memset
                0x000000001001f8f8                lv_memset_00
                0x000000001001f9d0                lv_memset_ff
 .text          0x000000001001faa0      0x38c lib/lvgl/libLVGL.a(lv_style.c.o)
                0x000000001001faa0                lv_style_init
                0x000000001001faac                lv_style_reset
                0x000000001001fad0                lv_style_register_prop
                0x000000001001fae0                lv_style_remove_prop
                0x000000001001fbc0                lv_style_set_prop
                0x000000001001fcd4                lv_style_get_prop
                0x000000001001fd3c                lv_style_transition_dsc_init
                0x000000001001fd68                lv_style_prop_get_default
                0x000000001001fe10                lv_style_is_empty
                0x000000001001fe1c                _lv_style_get_prop_group
 .text          0x000000001001fe2c      0x5f0 lib/lvgl/libLVGL.a(lv_style_gen.c.o)
                0x000000001001fe2c                lv_style_set_width
                0x000000001001fe3c                lv_style_set_min_width
                0x000000001001fe4c                lv_style_set_max_width
                0x000000001001fe5c                lv_style_set_height
                0x000000001001fe6c                lv_style_set_min_height
                0x000000001001fe7c                lv_style_set_max_height
                0x000000001001fe8c                lv_style_set_x
                0x000000001001fe9c                lv_style_set_y
                0x000000001001feac                lv_style_set_align
                0x000000001001febc                lv_style_set_transform_width
                0x000000001001fecc                lv_style_set_transform_height
                0x000000001001fedc                lv_style_set_translate_x
                0x000000001001feec                lv_style_set_translate_y
                0x000000001001fefc                lv_style_set_transform_zoom
                0x000000001001ff0c                lv_style_set_transform_angle
                0x000000001001ff1c                lv_style_set_pad_top
                0x000000001001ff2c                lv_style_set_pad_bottom
                0x000000001001ff3c                lv_style_set_pad_left
                0x000000001001ff4c                lv_style_set_pad_right
                0x000000001001ff5c                lv_style_set_pad_row
                0x000000001001ff6c                lv_style_set_pad_column
                0x000000001001ff7c                lv_style_set_radius
                0x000000001001ff88                lv_style_set_clip_corner
                0x000000001001ff94                lv_style_set_opa
                0x000000001001ffa4                lv_style_set_color_filter_dsc
                0x000000001001ffb0                lv_style_set_color_filter_opa
                0x000000001001ffbc                lv_style_set_anim_time
                0x000000001001ffc8                lv_style_set_anim_speed
                0x000000001001ffd4                lv_style_set_transition
                0x000000001001ffe0                lv_style_set_blend_mode
                0x000000001001ffec                lv_style_set_layout
                0x000000001001fffc                lv_style_set_base_dir
                0x000000001002000c                lv_style_set_bg_color
                0x0000000010020024                lv_style_set_bg_color_filtered
                0x0000000010020040                lv_style_set_bg_opa
                0x000000001002004c                lv_style_set_bg_grad_color
                0x0000000010020064                lv_style_set_bg_grad_color_filtered
                0x0000000010020080                lv_style_set_bg_grad_dir
                0x000000001002008c                lv_style_set_bg_main_stop
                0x0000000010020098                lv_style_set_bg_grad_stop
                0x00000000100200a4                lv_style_set_bg_img_src
                0x00000000100200b4                lv_style_set_bg_img_opa
                0x00000000100200c0                lv_style_set_bg_img_recolor
                0x00000000100200d8                lv_style_set_bg_img_recolor_filtered
                0x00000000100200f4                lv_style_set_bg_img_recolor_opa
                0x0000000010020100                lv_style_set_bg_img_tiled
                0x000000001002010c                lv_style_set_border_color
                0x0000000010020124                lv_style_set_border_color_filtered
                0x0000000010020140                lv_style_set_border_opa
                0x000000001002014c                lv_style_set_border_width
                0x000000001002015c                lv_style_set_border_side
                0x0000000010020168                lv_style_set_border_post
                0x0000000010020174                lv_style_set_text_color
                0x0000000010020190                lv_style_set_text_color_filtered
                0x00000000100201ac                lv_style_set_text_opa
                0x00000000100201bc                lv_style_set_text_font
                0x00000000100201cc                lv_style_set_text_letter_space
                0x00000000100201dc                lv_style_set_text_line_space
                0x00000000100201ec                lv_style_set_text_decor
                0x00000000100201fc                lv_style_set_text_align
                0x000000001002020c                lv_style_set_img_opa
                0x0000000010020218                lv_style_set_img_recolor
                0x0000000010020230                lv_style_set_img_recolor_filtered
                0x000000001002024c                lv_style_set_img_recolor_opa
                0x0000000010020258                lv_style_set_outline_width
                0x0000000010020268                lv_style_set_outline_color
                0x0000000010020280                lv_style_set_outline_color_filtered
                0x000000001002029c                lv_style_set_outline_opa
                0x00000000100202ac                lv_style_set_outline_pad
                0x00000000100202bc                lv_style_set_shadow_width
                0x00000000100202cc                lv_style_set_shadow_ofs_x