Archive member included to satisfy reference by file (symbol)

examples/libexamples.a(LCD_1in69_LVGL_test.c.o)
                              CMakeFiles/RP2040-Touch-LCD-1.69.dir/main.c.o (LCD_1in69_LVGL_Test)
examples/libexamples.a(LVGL_example.c.o)
                              examples/libexamples.a(LCD_1in69_LVGL_test.c.o) (LVGL_Init)
examples/libexamples.a(ImageData.c.o)
                              examples/libexamples.a(LVGL_example.c.o) (pic)
lib/LCD/libLCD.a(LCD_1in69.c.o)
                              examples/libexamples.a(LCD_1in69_LVGL_test.c.o) (LCD_1IN69_Init)
lib/Touch/libTouch.a(CST816S.c.o)
                              examples/libexamples.a(LCD_1in69_LVGL_test.c.o) (CST816S_init)
lib/QMI8658/libQMI8658.a(QMI8658.c.o)
                              examples/libexamples.a(LVGL_example.c.o) (QMI8658_read_xyz)
lib/lvgl/libLVGL.a(lv_disp.c.o)
                              examples/libexamples.a(LCD_1in69_LVGL_test.c.o) (lv_disp_get_scr_act)
lib/lvgl/libLVGL.a(lv_event.c.o)
                              lib/lvgl/libLVGL.a(lv_disp.c.o) (lv_event_send)
lib/lvgl/libLVGL.a(lv_indev.c.o)
                              examples/libexamples.a(LCD_1in69_LVGL_test.c.o) (lv_indev_get_act)
lib/lvgl/libLVGL.a(lv_indev_scroll.c.o)
                              lib/lvgl/libLVGL.a(lv_indev.c.o) (_lv_indev_scroll_handler)
lib/lvgl/libLVGL.a(lv_obj.c.o)
                              examples/libexamples.a(LVGL_example.c.o) (lv_init)
lib/lvgl/libLVGL.a(lv_obj_class.c.o)
                              lib/lvgl/libLVGL.a(lv_obj.c.o) (lv_obj_class_create_obj)
lib/lvgl/libLVGL.a(lv_obj_draw.c.o)
                              lib/lvgl/libLVGL.a(lv_obj.c.o) (lv_obj_init_draw_rect_dsc)
lib/lvgl/libLVGL.a(lv_obj_pos.c.o)
                              lib/lvgl/libLVGL.a(lv_disp.c.o) (lv_obj_set_pos)
lib/lvgl/libLVGL.a(lv_obj_scroll.c.o)
                              examples/libexamples.a(LVGL_example.c.o) (lv_obj_set_scrollbar_mode)
lib/lvgl/libLVGL.a(lv_obj_style.c.o)
                              lib/lvgl/libLVGL.a(lv_obj.c.o) (_lv_obj_style_init)
lib/lvgl/libLVGL.a(lv_obj_style_gen.c.o)
                              lib/lvgl/libLVGL.a(lv_obj_pos.c.o) (lv_obj_set_style_width)
lib/lvgl/libLVGL.a(lv_obj_tree.c.o)
                              lib/lvgl/libLVGL.a(lv_disp.c.o) (lv_obj_del)
lib/lvgl/libLVGL.a(lv_refr.c.o)
                              lib/lvgl/libLVGL.a(lv_obj.c.o) (_lv_refr_init)
lib/lvgl/libLVGL.a(lv_theme.c.o)
                              lib/lvgl/libLVGL.a(lv_disp.c.o) (lv_theme_apply)
lib/lvgl/libLVGL.a(lv_draw_img.c.o)
                              lib/lvgl/libLVGL.a(lv_refr.c.o) (lv_draw_img_dsc_init)
lib/lvgl/libLVGL.a(lv_draw_label.c.o)
                              lib/lvgl/libLVGL.a(lv_draw_img.c.o) (lv_draw_label_dsc_init)
lib/lvgl/libLVGL.a(lv_draw_line.c.o)
                              lib/lvgl/libLVGL.a(lv_draw_label.c.o) (lv_draw_line_dsc_init)
lib/lvgl/libLVGL.a(lv_draw_mask.c.o)
                              lib/lvgl/libLVGL.a(lv_obj.c.o) (lv_draw_mask_add)
lib/lvgl/libLVGL.a(lv_draw_rect.c.o)
                              lib/lvgl/libLVGL.a(lv_obj.c.o) (lv_draw_rect_dsc_init)
lib/lvgl/libLVGL.a(lv_img_buf.c.o)
                              lib/lvgl/libLVGL.a(lv_draw_img.c.o) (_lv_img_buf_transform_init)
lib/lvgl/libLVGL.a(lv_img_cache.c.o)
                              lib/lvgl/libLVGL.a(lv_draw_img.c.o) (_lv_img_cache_open)
lib/lvgl/libLVGL.a(lv_img_decoder.c.o)
                              lib/lvgl/libLVGL.a(lv_obj.c.o) (_lv_img_decoder_init)
lib/lvgl/libLVGL.a(lv_extra.c.o)
                              lib/lvgl/libLVGL.a(lv_obj.c.o) (lv_extra_init)
lib/lvgl/libLVGL.a(lv_tabview.c.o)
                              examples/libexamples.a(LVGL_example.c.o) (lv_tabview_create)
lib/lvgl/libLVGL.a(lv_tileview.c.o)
                              examples/libexamples.a(LVGL_example.c.o) (lv_tileview_create)
lib/lvgl/libLVGL.a(lv_font.c.o)
                              lib/lvgl/libLVGL.a(lv_draw_label.c.o) (lv_font_get_glyph_bitmap)
lib/lvgl/libLVGL.a(lv_font_fmt_txt.c.o)
                              lib/lvgl/libLVGL.a(lv_refr.c.o) (_lv_font_clean_up_fmt_txt)
lib/lvgl/libLVGL.a(lv_font_montserrat_16.c.o)
                              examples/libexamples.a(LVGL_example.c.o) (lv_font_montserrat_16)
lib/lvgl/libLVGL.a(lv_font_montserrat_18.c.o)
                              examples/libexamples.a(LCD_1in69_LVGL_test.c.o) (lv_font_montserrat_18)
lib/lvgl/libLVGL.a(lv_hal_disp.c.o)
                              examples/libexamples.a(LVGL_example.c.o) (lv_disp_drv_init)
lib/lvgl/libLVGL.a(lv_hal_indev.c.o)
                              examples/libexamples.a(LVGL_example.c.o) (lv_indev_drv_init)
lib/lvgl/libLVGL.a(lv_hal_tick.c.o)
                              examples/libexamples.a(LVGL_example.c.o) (lv_tick_inc)
lib/lvgl/libLVGL.a(lv_anim.c.o)
                              lib/lvgl/libLVGL.a(lv_obj.c.o) (_lv_anim_core_init)
lib/lvgl/libLVGL.a(lv_area.c.o)
[...]
Memory Configuration

Name             Origin             Length             Attributes
FLASH            0x0000000010000000 0x0000000000200000 xr
RAM              0x0000000020000000 0x0000000000040000 xrw
SCRATCH_X        0x0000000020040000 0x0000000000001000 xrw
SCRATCH_Y        0x0000000020041000 0x0000000000001000 xrw
*default*        0x0000000000000000 0xffffffffffffffff

Linker script and memory map

LOAD /usr/lib/gcc/arm-none-eabi/10.3.1/thumb/v6-m/nofp/crti.o
LOAD /usr/lib/gcc/arm-none-eabi/10.3.1/thumb/v6-m/nofp/crtbegin.o
LOAD /usr/lib/gcc/arm-none-eabi/10.3.1/../../../arm-none-eabi/lib/thumb/v6-m/nofp/crt0.o

.flash_begin    0x0000000010000000        0x0
                0x0000000010000000                __flash_binary_start = .

.boot2          0x0000000010000000      0x100
                0x0000000010000000                __boot2_start__ = .
 *(.boot2)
 .boot2         0x0000000010000000      0x100 pico-sdk/src/rp2040/boot_stage2/CMakeFiles/bs2_default_library.dir/bs2_default_padded_checksummed.S.o
                0x0000000010000100                __boot2_end__ = .
                0x0000000000000001                ASSERT (((__boot2_end__ - __boot2_start__) == 0x100), ERROR: Pico second stage bootloader must be 256 bytes in size)

.text           0x0000000010000100    0x41fb8
                0x0000000010000100                __logical_binary_start = .
 *(.vectors)
 .vectors       0x0000000010000100       0xd4 CMakeFiles/RP2040-Touch-LCD-1.69.dir/home/oscar/pico/pico-sdk/src/rp2_common/pico_crt0/crt0.S.o
                0x0000000010000100                __vectors
                0x0000000010000100                __VECTOR_TABLE
                0x00000000100001c0                isr_invalid
                0x00000000100001c0                __default_isrs_start
                0x00000000100001c2                isr_nmi
                0x00000000100001c4                isr_hardfault
                0x00000000100001c6                isr_svcall
                0x00000000100001c8                isr_pendsv
                0x00000000100001ca                isr_systick
                0x00000000100001cc                isr_irq30
                0x00000000100001cc                __unhandled_user_irq
                0x00000000100001cc                isr_irq13
                0x00000000100001cc                isr_irq27
                0x00000000100001cc                isr_irq31
                0x00000000100001cc                isr_irq5
                0x00000000100001cc                isr_irq11
                0x00000000100001cc                isr_irq23
                0x00000000100001cc                isr_irq18
                0x00000000100001cc                isr_irq28
                0x00000000100001cc                isr_irq19
                0x00000000100001cc                isr_irq0
                0x00000000100001cc                isr_irq6
                0x00000000100001cc                isr_irq22
                0x00000000100001cc                isr_irq17
                0x00000000100001cc                isr_irq14
                0x00000000100001cc                isr_irq2
                0x00000000100001cc                isr_irq10
                0x00000000100001cc                isr_irq8
                0x00000000100001cc                isr_irq24
                0x00000000100001cc                isr_irq1
                0x00000000100001cc                isr_irq7
                0x00000000100001cc                isr_irq21
                0x00000000100001cc                isr_irq20
                0x00000000100001cc                isr_irq15
                0x00000000100001cc                isr_irq25
                0x00000000100001cc                isr_irq4
                0x00000000100001cc                isr_irq16
                0x00000000100001cc                isr_irq29
                0x00000000100001cc                isr_irq26
                0x00000000100001cc                __default_isrs_end
                0x00000000100001cc                isr_irq3
                0x00000000100001cc                isr_irq12
                0x00000000100001cc                isr_irq9
                0x00000000100001d2                unhandled_user_irq_num_in_r0
 *(.binary_info_header)
 .binary_info_header
                0x00000000100001d4       0x14 CMakeFiles/RP2040-Touch-LCD-1.69.dir/home/oscar/pico/pico-sdk/src/rp2_common/pico_crt0/crt0.S.o
                0x00000000100001e8                __binary_info_header_end = .
 *(.embedded_block)
                0x00000000100001e8                __embedded_block_end = .
 *(.reset)
 .reset         0x00000000100001e8       0x9c CMakeFiles/RP2040-Touch-LCD-1.69.dir/home/oscar/pico/pico-sdk/src/rp2_common/pico_crt0/crt0.S.o
                0x00000000100001e8                _entry_point
 *(.init)
 .init          0x0000000010000284        0x4 /usr/lib/gcc/arm-none-eabi/10.3.1/thumb/v6-m/nofp/crti.o
                0x0000000010000284                _init
 *(EXCLUDE_FILE(*libm.a: *libc.a:*lib_a-mem*.o *libgcc.a:) .text*)
 .text          0x0000000010000288       0x98 /usr/lib/gcc/arm-none-eabi/10.3.1/thumb/v6-m/nofp/crtbegin.o
 .text.startup.main
                0x0000000010000320        0xc CMakeFiles/RP2040-Touch-LCD-1.69.dir/main.c.o
                0x0000000010000320                main
 .text.gpio_default_irq_handler
                0x000000001000032c      0x270 CMakeFiles/RP2040-Touch-LCD-1.69.dir/home/oscar/pico/pico-sdk/src/rp2_common/hardware_gpio/gpio.c.o
 .text.gpio_set_function
                0x000000001000059c       0x34 CMakeFiles/RP2040-Touch-LCD-1.69.dir/home/oscar/pico/pico-sdk/src/rp2_common/hardware_gpio/gpio.c.o
                0x000000001000059c                gpio_set_function
 .text.gpio_set_pulls
                0x00000000100005d0       0x34 CMakeFiles/RP2040-Touch-LCD-1.69.dir/home/oscar/pico/pico-sdk/src/rp2_common/hardware_gpio/gpio.c.o
                0x00000000100005d0                gpio_set_pulls
 .text.gpio_set_irq_enabled_with_callback
                0x0000000010000604       0xd0 CMakeFiles/RP2040-Touch-LCD-1.69.dir/home/oscar/pico/pico-sdk/src/rp2_common/hardware_gpio/gpio.c.o
                0x0000000010000604                gpio_set_irq_enabled_with_callback
 .text.gpio_set_input_enabled
                0x00000000100006d4       0x28 CMakeFiles/RP2040-Touch-LCD-1.69.dir/home/oscar/pico/pico-sdk/src/rp2_common/hardware_gpio/gpio.c.o
                0x00000000100006d4                gpio_set_input_enabled
 .text.gpio_init
                0x00000000100006fc       0x40 CMakeFiles/RP2040-Touch-LCD-1.69.dir/home/oscar/pico/pico-sdk/src/rp2_common/hardware_gpio/gpio.c.o
                0x00000000100006fc                gpio_init
 .text.panic    0x000000001000073c       0x30 CMakeFiles/RP2040-Touch-LCD-1.69.dir/home/oscar/pico/pico-sdk/src/rp2_common/pico_platform_panic/panic.c.o
                0x000000001000073c                panic
 .text.hw_claim_or_assert
                0x000000001000076c       0x44 CMakeFiles/RP2040-Touch-LCD-1.69.dir/home/oscar/pico/pico-sdk/src/common/hardware_claim/claim.c.o
                0x000000001000076c                hw_claim_or_assert
 .text.hw_claim_unused_from_range
                0x00000000100007b0       0x9c CMakeFiles/RP2040-Touch-LCD-1.69.dir/home/oscar/pico/pico-sdk/src/common/hardware_claim/claim.c.o
                0x00000000100007b0                hw_claim_unused_from_range
 .text.next_striped_spin_lock_num
                0x000000001000084c       0x18 CMakeFiles/RP2040-Touch-LCD-1.69.dir/home/oscar/pico/pico-sdk/src/rp2_common/hardware_sync/sync.c.o
                0x000000001000084c                next_striped_spin_lock_num
 .text.spin_locks_reset
                0x0000000010000864       0x1c CMakeFiles/RP2040-Touch-LCD-1.69.dir/home/oscar/pico/pico-sdk/src/rp2_common/hardware_sync_spin_lock/sync_spin_lock.c.o
                0x0000000010000864                spin_locks_reset
 .text.runtime_init_per_core_irq_priorities
                0x0000000010000880       0x24 CMakeFiles/RP2040-Touch-LCD-1.69.dir/home/oscar/pico/pico-sdk/src/rp2_common/hardware_irq/irq.c.o
                0x0000000010000880                runtime_init_per_core_irq_priorities
 .text.irq_set_enabled
                0x00000000100008a4       0x24 CMakeFiles/RP2040-Touch-LCD-1.69.dir/home/oscar/pico/pico-sdk/src/rp2_common/hardware_irq/irq.c.o
                0x00000000100008a4                irq_set_enabled
 .text.irq_set_exclusive_handler
                0x00000000100008c8       0x54 CMakeFiles/RP2040-Touch-LCD-1.69.dir/home/oscar/pico/pico-sdk/src/rp2_common/hardware_irq/irq.c.o
                0x00000000100008c8                irq_set_exclusive_handler
 .text.irq_add_shared_handler
                0x000000001000091c      0x1e8 CMakeFiles/RP2040-Touch-LCD-1.69.dir/home/oscar/pico/pico-sdk/src/rp2_common/hardware_irq/irq.c.o
                0x000000001000091c                irq_add_shared_handler
 .text.irq_remove_handler
                0x0000000010000b04      0x1c4 CMakeFiles/RP2040-Touch-LCD-1.69.dir/home/oscar/pico/pico-sdk/src/rp2_common/hardware_irq/irq.c.o
                0x0000000010000b04                irq_remove_handler
 .text.irq_add_tail_to_free_list
                0x0000000010000cc8       0xb4 CMakeFiles/RP2040-Touch-LCD-1.69.dir/home/oscar/pico/pico-sdk/src/rp2_common/hardware_irq/irq.c.o
                0x0000000010000cc8                irq_add_tail_to_free_list
 .text.lock_init
                0x0000000010000d7c       0x10 CMakeFiles/RP2040-Touch-LCD-1.69.dir/home/oscar/pico/pico-sdk/src/common/pico_sync/lock_core.c.o
                0x0000000010000d7c                lock_init
 .text.runtime_init_mutex
                0x0000000010000d8c       0x58 CMakeFiles/RP2040-Touch-LCD-1.69.dir/home/oscar/pico/pico-sdk/src/common/pico_sync/mutex.c.o
                0x0000000010000d8c                runtime_init_mutex
 .text.sleep_until_callback
                0x0000000010000de4       0x30 CMakeFiles/RP2040-Touch-LCD-1.69.dir/home/oscar/pico/pico-sdk/src/common/pico_time/time.c.o
 .text.alarm_pool_irq_handler
                0x0000000010000e14      0x308 CMakeFiles/RP2040-Touch-LCD-1.69.dir/home/oscar/pico/pico-sdk/src/common/pico_time/time.c.o
 .text.runtime_init_default_alarm_pool
                0x000000001000111c       0xdc CMakeFiles/RP2040-Touch-LCD-1.69.dir/home/oscar/pico/pico-sdk/src/common/pico_time/time.c.o
                0x000000001000111c                runtime_init_default_alarm_pool
 .text.alarm_pool_get_default
                0x00000000100011f8        0x8 CMakeFiles/RP2040-Touch-LCD-1.69.dir/home/oscar/pico/pico-sdk/src/common/pico_time/time.c.o
                0x00000000100011f8                alarm_pool_get_default
 .text.alarm_pool_add_alarm_at_force_in_context
                0x0000000010001200       0xb0 CMakeFiles/RP2040-Touch-LCD-1.69.dir/home/oscar/pico/pico-sdk/src/common/pico_time/time.c.o
                0x0000000010001200                alarm_pool_add_alarm_at_force_in_context
 .text.alarm_pool_cancel_alarm
                0x00000000100012b0       0x7c CMakeFiles/RP2040-Touch-LCD-1.69.dir/home/oscar/pico/pico-sdk/src/common/pico_time/time.c.o
                0x00000000100012b0                alarm_pool_cancel_alarm
 .text.sleep_until
                0x000000001000132c       0xd0 CMakeFiles/RP2040-Touch-LCD-1.69.dir/home/oscar/pico/pico-sdk/src/common/pico_time/time.c.o
                0x000000001000132c                sleep_until
 .text.sleep_ms
                0x00000000100013fc       0x34 CMakeFiles/RP2040-Touch-LCD-1.69.dir/home/oscar/pico/pico-sdk/src/common/pico_time/time.c.o
                0x00000000100013fc                sleep_ms
 .text.best_effort_wfe_or_timeout
                0x0000000010001430       0xe0 CMakeFiles/RP2040-Touch-LCD-1.69.dir/home/oscar/pico/pico-sdk/src/common/pico_time/time.c.o
                0x0000000010001430                best_effort_wfe_or_timeout
 .text.alarm_pool_add_repeating_timer_us
                0x0000000010001510      0x120 CMakeFiles/RP2040-Touch-LCD-1.69.dir/home/oscar/pico/pico-sdk/src/common/pico_time/time.c.o
                0x0000000010001510                alarm_pool_add_repeating_timer_us
 .text.timer_hardware_alarm_claim
                0x0000000010001630       0x14 CMakeFiles/RP2040-Touch-LCD-1.69.dir/home/oscar/pico/pico-sdk/src/rp2_common/hardware_timer/timer.c.o
                0x0000000010001630                timer_hardware_alarm_claim
 .text.timer_time_us_64
                0x0000000010001644       0x10 CMakeFiles/RP2040-Touch-LCD-1.69.dir/home/oscar/pico/pico-sdk/src/rp2_common/hardware_timer/timer.c.o
                0x0000000010001644                timer_time_us_64
 .text.time_us_64
                0x0000000010001654       0x14 CMakeFiles/RP2040-Touch-LCD-1.69.dir/home/oscar/pico/pico-sdk/src/rp2_common/hardware_timer/timer.c.o
                0x0000000010001654                time_us_64
 .text.busy_wait_us
                0x0000000010001668       0x54 CMakeFiles/RP2040-Touch-LCD-1.69.dir/home/oscar/pico/pico-sdk/src/rp2_common/hardware_timer/timer.c.o
                0x0000000010001668                busy_wait_us
 .text.busy_wait_until
                0x00000000100016bc       0x20 CMakeFiles/RP2040-Touch-LCD-1.69.dir/home/oscar/pico/pico-sdk/src/rp2_common/hardware_timer/timer.c.o
                0x00000000100016bc                busy_wait_until
 .text.uart_init
                0x00000000100016dc      0x11c CMakeFiles/RP2040-Touch-LCD-1.69.dir/home/oscar/pico/pico-sdk/src/rp2_common/hardware_uart/uart.c.o
                0x00000000100016dc                uart_init
 .text.clock_configure
                0x00000000100017f8      0x110 CMakeFiles/RP2040-Touch-LCD-1.69.dir/home/oscar/pico/pico-sdk/src/rp2_common/hardware_clocks/clocks.c.o
                0x00000000100017f8                clock_configure
 .text.clock_configure_int_divider
                0x0000000010001908       0xf4 CMakeFiles/RP2040-Touch-LCD-1.69.dir/home/oscar/pico/pico-sdk/src/rp2_common/hardware_clocks/clocks.c.o
                0x0000000010001908                clock_configure_int_divider
 .text.clock_configure_undivided
                0x00000000100019fc       0xe8 CMakeFiles/RP2040-Touch-LCD-1.69.dir/home/oscar/pico/pico-sdk/src/rp2_common/hardware_clocks/clocks.c.o
                0x00000000100019fc                clock_configure_undivided
 .text.clock_get_hz
                0x0000000010001ae4        0xc CMakeFiles/RP2040-Touch-LCD-1.69.dir/home/oscar/pico/pico-sdk/src/rp2_common/hardware_clocks/clocks.c.o
                0x0000000010001ae4                clock_get_hz
 .text.set_sys_clock_pll
                0x0000000010001af0      0x1c0 CMakeFiles/RP2040-Touch-LCD-1.69.dir/home/oscar/pico/pico-sdk/src/rp2_common/hardware_clocks/clocks.c.o
                0x0000000010001af0                set_sys_clock_pll
 .text.check_sys_clock_khz
                0x0000000010001cb0      0x17c CMakeFiles/RP2040-Touch-LCD-1.69.dir/home/oscar/pico/pico-sdk/src/rp2_common/hardware_clocks/clocks.c.o
                0x0000000010001cb0                check_sys_clock_khz
 .text.pll_init
                0x0000000010001e2c       0xa0 CMakeFiles/RP2040-Touch-LCD-1.69.dir/home/oscar/pico/pico-sdk/src/rp2_common/hardware_pll/pll.c.o
                0x0000000010001e2c                pll_init
 .text.tick_start
                0x0000000010001ecc       0x10 CMakeFiles/RP2040-Touch-LCD-1.69.dir/home/oscar/pico/pico-sdk/src/rp2_common/hardware_ticks/ticks.c.o
                0x0000000010001ecc                tick_start
 .text.rom_func_lookup
                0x0000000010001edc       0x10 CMakeFiles/RP2040-Touch-LCD-1.69.dir/home/oscar/pico/pico-sdk/src/rp2_common/pico_bootrom/bootrom.c.o
                0x0000000010001edc                rom_func_lookup
 .text.rom_data_lookup
                0x0000000010001eec       0x10 CMakeFiles/RP2040-Touch-LCD-1.69.dir/home/oscar/pico/pico-sdk/src/rp2_common/pico_bootrom/bootrom.c.o
                0x0000000010001eec                rom_data_lookup
 .text.rom_funcs_lookup
                0x0000000010001efc       0x44 CMakeFiles/RP2040-Touch-LCD-1.69.dir/home/oscar/pico/pico-sdk/src/rp2_common/pico_bootrom/bootrom.c.o
                0x0000000010001efc                rom_funcs_lookup
 .text.xosc_init
                0x0000000010001f40       0x28 CMakeFiles/RP2040-Touch-LCD-1.69.dir/home/oscar/pico/pico-sdk/src/rp2_common/hardware_xosc/xosc.c.o
                0x0000000010001f40                xosc_init
 .text.first_per_core_initializer
                0x0000000010001f68        0x4 CMakeFiles/RP2040-Touch-LCD-1.69.dir/home/oscar/pico/pico-sdk/src/rp2_common/pico_runtime/runtime.c.o
 .text.hard_assertion_failure
                0x0000000010001f6c        0xc CMakeFiles/RP2040-Touch-LCD-1.69.dir/home/oscar/pico/pico-sdk/src/rp2_common/pico_runtime/runtime.c.o
                0x0000000010001f6c                hard_assertion_failure
 .text.runtime_run_initializers
                0x0000000010001f78       0x28 CMakeFiles/RP2040-Touch-LCD-1.69.dir/home/oscar/pico/pico-sdk/src/rp2_common/pico_runtime/runtime.c.o
                0x0000000010001f78                runtime_run_initializers
 .text.runtime_init_early_resets
                0x0000000010001fa0       0x2c CMakeFiles/RP2040-Touch-LCD-1.69.dir/home/oscar/pico/pico-sdk/src/rp2_common/pico_runtime_init/runtime_init.c.o
                0x0000000010001fa0                runtime_init_early_resets
 .text.runtime_init_usb_power_down
                0x0000000010001fcc       0x1c CMakeFiles/RP2040-Touch-LCD-1.69.dir/home/oscar/pico/pico-sdk/src/rp2_common/pico_runtime_init/runtime_init.c.o
                0x0000000010001fcc                runtime_init_usb_power_down
 .text.runtime_init_post_clock_resets
                0x0000000010001fe8       0x20 CMakeFiles/RP2040-Touch-LCD-1.69.dir/home/oscar/pico/pico-sdk/src/rp2_common/pico_runtime_init/runtime_init.c.o
                0x0000000010001fe8                runtime_init_post_clock_resets
 .text.runtime_init_rp2040_gpio_ie_disable
                0x0000000010002008       0x14 CMakeFiles/RP2040-Touch-LCD-1.69.dir/home/oscar/pico/pico-sdk/src/rp2_common/pico_runtime_init/runtime_init.c.o
                0x0000000010002008                runtime_init_rp2040_gpio_ie_disable
 .text.runtime_init_spin_locks_reset
                0x000000001000201c        0x8 CMakeFiles/RP2040-Touch-LCD-1.69.dir/home/oscar/pico/pico-sdk/src/rp2_common/pico_runtime_init/runtime_init.c.o
                0x000000001000201c                runtime_init_spin_locks_reset
 .text.runtime_init_install_ram_vector_table
                0x0000000010002024       0x1c CMakeFiles/RP2040-Touch-LCD-1.69.dir/home/oscar/pico/pico-sdk/src/rp2_common/pico_runtime_init/runtime_init.c.o
                0x0000000010002024                runtime_init_install_ram_vector_table
 .text.runtime_init_clocks
                0x0000000010002040       0xd8 CMakeFiles/RP2040-Touch-LCD-1.69.dir/home/oscar/pico/pico-sdk/src/rp2_common/pico_runtime_init/runtime_init_clocks.c.o
                0x0000000010002040                runtime_init_clocks
 .text          0x0000000010002118       0x10 CMakeFiles/RP2040-Touch-LCD-1.69.dir/home/oscar/pico/pico-sdk/src/rp2_common/pico_bit_ops/bit_ops_aeabi.S.o
 .text.clzsi    0x0000000010002128        0xc CMakeFiles/RP2040-Touch-LCD-1.69.dir/home/oscar/pico/pico-sdk/src/rp2_common/pico_bit_ops/bit_ops_aeabi.S.o
                0x0000000010002128                __wrap___clz
                0x0000000010002128                __wrap___clzsi2
                0x0000000010002128                __wrap___clzl
 .text.ctzsi    0x0000000010002134        0xc CMakeFiles/RP2040-Touch-LCD-1.69.dir/home/oscar/pico/pico-sdk/src/rp2_common/pico_bit_ops/bit_ops_aeabi.S.o
                0x0000000010002134                __wrap___ctzsi2
 .text.__wrap___aeabi_idiv
                0x0000000010002140       0x50 CMakeFiles/RP2040-Touch-LCD-1.69.dir/home/oscar/pico/pico-sdk/src/rp2_common/pico_divider/divider_hardware.S.o
                0x0000000010002140                __wrap___aeabi_idivmod
                0x0000000010002140                divmod_s32s32
                0x0000000010002140                div_s32s32
                0x0000000010002140                __wrap___aeabi_idiv
                0x0000000010002148                divmod_s32s32_unsafe
                0x0000000010002174                divmod_s32s32_savestate
 .text.__wrap___aeabi_uidiv
                0x0000000010002190       0x4c CMakeFiles/RP2040-Touch-LCD-1.69.dir/home/oscar/pico/pico-sdk/src/rp2_common/pico_divider/divider_hardware.S.o
                0x0000000010002190                __wrap___aeabi_uidiv
                0x0000000010002190                __wrap___aeabi_uidivmod
                0x0000000010002190                div_u32u32
                0x0000000010002190                divmod_u32u32
                0x0000000010002198                divmod_u32u32_unsafe
                0x00000000100021c0                divmod_u32u32_savestate
 .text.__wrap___aeabi_ldiv
                0x00000000100021dc      0x424 CMakeFiles/RP2040-Touch-LCD-1.69.dir/home/oscar/pico/pico-sdk/src/rp2_common/pico_divider/divider_hardware.S.o
                0x00000000100021dc                div_s64s64
                0x00000000100021dc                divmod_s64s64
                0x00000000100021dc                __wrap___aeabi_ldivmod
                0x000000001000220c                div_u64u64
                0x000000001000220c                divmod_u64u64
                0x000000001000220c                __wrap___aeabi_uldivmod
                0x000000001000221c                divmod_u64u64_savestate
                0x000000001000223c                divmod_s64s64_unsafe
                0x00000000100022c4                divmod_u64u64_unsafe
 .text.push_r8_r11
                0x0000000010002600        0xc CMakeFiles/RP2040-Touch-LCD-1.69.dir/home/oscar/pico/pico-sdk/src/rp2_common/pico_double/double_aeabi_rp2040.S.o
                0x0000000010002600                push_r8_r11
 .text.pop_r8_r11
                0x000000001000260c        0xc CMakeFiles/RP2040-Touch-LCD-1.69.dir/home/oscar/pico/pico-sdk/src/rp2_common/pico_double/double_aeabi_rp2040.S.o
                0x000000001000260c                pop_r8_r11
 .text.__wrap___aeabi_darithmetic
                0x0000000010002618       0x80 CMakeFiles/RP2040-Touch-LCD-1.69.dir/home/oscar/pico/pico-sdk/src/rp2_common/pico_double/double_aeabi_rp2040.S.o
                0x0000000010002618                __wrap___aeabi_drsub
                0x000000001000261e                __wrap___aeabi_dsub
                0x0000000010002630                __wrap___aeabi_dadd
                0x0000000010002642                __wrap___aeabi_ddiv
                0x000000001000267e                __wrap___aeabi_dmul
 .text.__wrap___aeabi_cdcmple
                0x0000000010002698       0x6c CMakeFiles/RP2040-Touch-LCD-1.69.dir/home/oscar/pico/pico-sdk/src/rp2_common/pico_double/double_aeabi_rp2040.S.o
                0x0000000010002698                __wrap___aeabi_cdrcmple
                0x00000000100026a8                __wrap___aeabi_cdcmple
                0x00000000100026a8                __wrap___aeabi_cdcmpeq
 .text.__wrap___aeabi_dcmplt
                0x0000000010002704        0xc CMakeFiles/RP2040-Touch-LCD-1.69.dir/home/oscar/pico/pico-sdk/src/rp2_common/pico_double/double_aeabi_rp2040.S.o
                0x0000000010002704                __wrap___aeabi_dcmplt
 .text.__wrap___aeabi_dcmple
                0x0000000010002710       0x10 CMakeFiles/RP2040-Touch-LCD-1.69.dir/home/oscar/pico/pico-sdk/src/rp2_common/pico_double/double_aeabi_rp2040.S.o
                0x0000000010002710                __wrap___aeabi_dcmple
 .text.__wrap___aeabi_dcmpge
                0x0000000010002720       0x10 CMakeFiles/RP2040-Touch-LCD-1.69.dir/home/oscar/pico/pico-sdk/src/rp2_common/pico_double/double_aeabi_rp2040.S.o
                0x0000000010002720                __wrap___aeabi_dcmpge
 .text.__wrap___aeabi_dcmpgt
                0x0000000010002730        0xa CMakeFiles/RP2040-Touch-LCD-1.69.dir/home/oscar/pico/pico-sdk/src/rp2_common/pico_double/double_aeabi_rp2040.S.o
                0x0000000010002730                __wrap___aeabi_dcmpgt
 .text.__wrap___aeabi_dcmpun
                0x000000001000273a       0x18 CMakeFiles/RP2040-Touch-LCD-1.69.dir/home/oscar/pico/pico-sdk/src/rp2_common/pico_double/double_aeabi_rp2040.S.o
                0x000000001000273a                __wrap___aeabi_dcmpun
 *fill*         0x0000000010002752        0x2 
 .text.__wrap___aeabi_i2d
                0x0000000010002754       0x38 CMakeFiles/RP2040-Touch-LCD-1.69.dir/home/oscar/pico/pico-sdk/src/rp2_common/pico_double/double_aeabi_rp2040.S.o
                0x0000000010002754                __wrap___aeabi_ui2d
                0x000000001000275c                __wrap___aeabi_i2d
 .text.__wrap___aeabi_d2iz
                0x000000001000278c       0x48 CMakeFiles/RP2040-Touch-LCD-1.69.dir/home/oscar/pico/pico-sdk/src/rp2_common/pico_double/double_aeabi_rp2040.S.o
                0x000000001000278c                __wrap___aeabi_d2iz
                0x000000001000278c                double2int_z
 .text.__wrap___aeabi_d2uiz
                0x00000000100027d4       0x18 CMakeFiles/RP2040-Touch-LCD-1.69.dir/home/oscar/pico/pico-sdk/src/rp2_common/pico_double/double_aeabi_rp2040.S.o
                0x00000000100027d4                double2uint
                0x00000000100027d4                __wrap___aeabi_d2uiz
 .text.fix642double
                0x00000000100027ec       0x18 CMakeFiles/RP2040-Touch-LCD-1.69.dir/home/oscar/pico/pico-sdk/src/rp2_common/pico_double/double_aeabi_rp2040.S.o
                0x00000000100027ec                fix642double
 .text.__wrap_sincostan_remainder
                0x0000000010002804       0x14 CMakeFiles/RP2040-Touch-LCD-1.69.dir/home/oscar/pico/pico-sdk/src/rp2_common/pico_double/double_aeabi_rp2040.S.o
                0x0000000010002804                sincostan_remainder
 .text.__wrap_cos
                0x0000000010002818       0x2c CMakeFiles/RP2040-Touch-LCD-1.69.dir/home/oscar/pico/pico-sdk/src/rp2_common/pico_double/double_aeabi_rp2040.S.o
                0x0000000010002818                __wrap_cos
 .text.__wrap_sin
                0x0000000010002844       0x2c CMakeFiles/RP2040-Touch-LCD-1.69.dir/home/oscar/pico/pico-sdk/src/rp2_common/pico_double/double_aeabi_rp2040.S.o
                0x0000000010002844                __wrap_sin
 .text.__aeabi_double_init
                0x0000000010002870       0xa0 CMakeFiles/RP2040-Touch-LCD-1.69.dir/home/oscar/pico/pico-sdk/src/rp2_common/pico_double/double_init_rom_rp2040.c.o
                0x0000000010002870                __aeabi_double_init
 .text.__wrap_remquo
                0x0000000010002910      0x2a0 CMakeFiles/RP2040-Touch-LCD-1.69.dir/home/oscar/pico/pico-sdk/src/rp2_common/pico_double/double_math.c.o
                0x0000000010002910                __wrap_remquo
 .text.__wrap_remainder
                0x0000000010002bb0       0x10 CMakeFiles/RP2040-Touch-LCD-1.69.dir/home/oscar/pico/pico-sdk/src/rp2_common/pico_double/double_math.c.o
                0x0000000010002bb0                __wrap_remainder
 .text.double_table_shim_on_use_helper
                0x0000000010002bc0       0x2c CMakeFiles/RP2040-Touch-LCD-1.69.dir/home/oscar/pico/pico-sdk/src/rp2_common/pico_double/double_v1_rom_shim_rp2040.S.o
                0x0000000010002bc0                double_table_shim_on_use_helper
 .text.__wrap___aeabi_dsub
                0x0000000010002bec       0x10 CMakeFiles/RP2040-Touch-LCD-1.69.dir/home/oscar/pico/pico-sdk/src/rp2_common/pico_double/double_v1_rom_shim_rp2040.S.o
                0x0000000010002bec                drsub_shim
                0x0000000010002bf2                dsub_shim
 .text.dadd_shim
                0x0000000010002bfc      0x15c CMakeFiles/RP2040-Touch-LCD-1.69.dir/home/oscar/pico/pico-sdk/src/rp2_common/pico_double/double_v1_rom_shim_rp2040.S.o
                0x0000000010002bfc                dadd_shim
 .text.dmul_shim
                0x0000000010002d58      0x15c CMakeFiles/RP2040-Touch-LCD-1.69.dir/home/oscar/pico/pico-sdk/src/rp2_common/pico_double/double_v1_rom_shim_rp2040.S.o
                0x0000000010002d58                dmul_shim
 .text.ddiv_shim
                0x0000000010002eb4      0x1b0 CMakeFiles/RP2040-Touch-LCD-1.69.dir/home/oscar/pico/pico-sdk/src/rp2_common/pico_double/double_v1_rom_shim_rp2040.S.o
                0x0000000010002eb4                ddiv_shim
 .text.dcordic_vec_step
                0x0000000010003064        0xe CMakeFiles/RP2040-Touch-LCD-1.69.dir/home/oscar/pico/pico-sdk/src/rp2_common/pico_double/double_v1_rom_shim_rp2040.S.o
                0x0000000010003064                dcordic_vec_step
 .text.dcordic_rot_step
                0x0000000010003072       0x76 CMakeFiles/RP2040-Touch-LCD-1.69.dir/home/oscar/pico/pico-sdk/src/rp2_common/pico_double/double_v1_rom_shim_rp2040.S.o
                0x0000000010003072                dcordic_rot_step
 .text.double2uint_shim
                0x00000000100030e8        0xe CMakeFiles/RP2040-Touch-LCD-1.69.dir/home/oscar/pico/pico-sdk/src/rp2_common/pico_double/double_v1_rom_shim_rp2040.S.o
                0x00000000100030e8                double2uint_shim
                0x00000000100030ea                double2ufix_shim
 .text.double2int64_shim
                0x00000000100030f6       0x1a CMakeFiles/RP2040-Touch-LCD-1.69.dir/home/oscar/pico/pico-sdk/src/rp2_common/pico_double/double_v1_rom_shim_rp2040.S.o
                0x00000000100030f6                double2int64_shim
                0x00000000100030f8                double2fix64_shim
 .text.double2uint64_shim
                0x0000000010003110       0x70 CMakeFiles/RP2040-Touch-LCD-1.69.dir/home/oscar/pico/pico-sdk/src/rp2_common/pico_double/double_v1_rom_shim_rp2040.S.o
                0x0000000010003110                double2uint64_shim
                0x0000000010003112                double2ufix64_shim
                0x0000000010003132                d2fix_a
 .text.x2double_shims
                0x0000000010003180       0x90 CMakeFiles/RP2040-Touch-LCD-1.69.dir/home/oscar/pico/pico-sdk/src/rp2_common/pico_double/double_v1_rom_shim_rp2040.S.o
                0x0000000010003180                uint2double_shim
                0x0000000010003182                ufix2double_shim
                0x0000000010003188                int2double_shim
                0x000000001000318a                fix2double_shim
                0x0000000010003190                uint642double_shim
                0x0000000010003192                ufix642double_shim
                0x0000000010003198                int642double_shim
                0x000000001000319a                fix642double_shim
 .text.dunpacks
                0x0000000010003210       0x3c CMakeFiles/RP2040-Touch-LCD-1.69.dir/home/oscar/pico/pico-sdk/src/rp2_common/pico_double/double_v1_rom_shim_rp2040.S.o
                0x0000000010003210                dunpacks
 .text.dreduce  0x000000001000324c       0x82 CMakeFiles/RP2040-Touch-LCD-1.69.dir/home/oscar/pico/pico-sdk/src/rp2_common/pico_double/double_v1_rom_shim_rp2040.S.o
                0x000000001000324c                dreduce
 .text.dcos_shim
                0x00000000100032ce       0x10 CMakeFiles/RP2040-Touch-LCD-1.69.dir/home/oscar/pico/pico-sdk/src/rp2_common/pico_double/double_v1_rom_shim_rp2040.S.o
                0x00000000100032ce                dcos_shim
 .text.dsin_shim
                0x00000000100032de       0x14 CMakeFiles/RP2040-Touch-LCD-1.69.dir/home/oscar/pico/pico-sdk/src/rp2_common/pico_double/double_v1_rom_shim_rp2040.S.o
                0x00000000100032de                dsin_shim
 *fill*         0x00000000100032f2        0x2 
 .text.dtrig_guts
                0x00000000100032f4      0x2ec CMakeFiles/RP2040-Touch-LCD-1.69.dir/home/oscar/pico/pico-sdk/src/rp2_common/pico_double/double_v1_rom_shim_rp2040.S.o
                0x00000000100033cc                datan2_shim
 .text.__aeabi_lmul
                0x00000000100035e0       0x32 CMakeFiles/RP2040-Touch-LCD-1.69.dir/home/oscar/pico/pico-sdk/src/rp2_common/pico_int64_ops/pico_int64_ops_aeabi.S.o
                0x00000000100035e0                __wrap___aeabi_lmul
 *fill*         0x0000000010003612        0x2 
 .text.__wrap___aeabi_farithmetic
                0x0000000010003614       0x48 CMakeFiles/RP2040-Touch-LCD-1.69.dir/home/oscar/pico/pico-sdk/src/rp2_common/pico_float/float_aeabi_rp2040.S.o
                0x0000000010003614                __wrap___aeabi_frsub
                0x000000001000361a                __wrap___aeabi_fsub
                0x0000000010003620                __wrap___aeabi_fadd
                0x0000000010003626                __wrap___aeabi_fdiv
                0x000000001000364e                __wrap___aeabi_fmul
 .text.__wrap___aeabi_i2f
                0x000000001000365c       0x44 CMakeFiles/RP2040-Touch-LCD-1.69.dir/home/oscar/pico/pico-sdk/src/rp2_common/pico_float/float_aeabi_rp2040.S.o
                0x000000001000365c                int2float
                0x000000001000365c                __wrap___aeabi_i2f
 .text.__wrap___aeabi_f2d
                0x00000000100036a0       0x14 CMakeFiles/RP2040-Touch-LCD-1.69.dir/home/oscar/pico/pico-sdk/src/rp2_common/pico_float/float_aeabi_rp2040.S.o
                0x00000000100036a0                __wrap___aeabi_f2d
 .text.__aeabi_float_init
                0x00000000100036b4       0x64 CMakeFiles/RP2040-Touch-LCD-1.69.dir/home/oscar/pico/pico-sdk/src/rp2_common/pico_float/float_init_rom_rp2040.c.o
                0x00000000100036b4                __aeabi_float_init
 .text.float_table_shim_on_use_helper
                0x0000000010003718       0x2c CMakeFiles/RP2040-Touch-LCD-1.69.dir/home/oscar/pico/pico-sdk/src/rp2_common/pico_float/float_v1_rom_shim_rp2040.S.o
                0x0000000010003718                float_table_shim_on_use_helper
 .text.float2double_shim
                0x0000000010003744       0x30 CMakeFiles/RP2040-Touch-LCD-1.69.dir/home/oscar/pico/pico-sdk/src/rp2_common/pico_float/float_v1_rom_shim_rp2040.S.o
                0x0000000010003744                float2double_shim
 .text.__wrap_free
                0x0000000010003774        0x8 CMakeFiles/RP2040-Touch-LCD-1.69.dir/home/oscar/pico/pico-sdk/src/rp2_common/pico_malloc/malloc.c.o
                0x0000000010003774                __wrap_free
 .text          0x000000001000377c       0x10 CMakeFiles/RP2040-Touch-LCD-1.69.dir/home/oscar/pico/pico-sdk/src/rp2_common/pico_mem_ops/mem_ops_aeabi.S.o
                0x000000001000377c                __aeabi_mem_init
 .text.memset   0x000000001000378c        0xc CMakeFiles/RP2040-Touch-LCD-1.69.dir/home/oscar/pico/pico-sdk/src/rp2_common/pico_mem_ops/mem_ops_aeabi.S.o
                0x000000001000378c                __wrap_memset
 .text.memcpy   0x0000000010003798        0xc CMakeFiles/RP2040-Touch-LCD-1.69.dir/home/oscar/pico/pico-sdk/src/rp2_common/pico_mem_ops/mem_ops_aeabi.S.o
                0x0000000010003798                __wrap___aeabi_memcpy
                0x0000000010003798                __wrap_memcpy
 .text._out_buffer
                0x00000000100037a4        0x8 CMakeFiles/RP2040-Touch-LCD-1.69.dir/home/oscar/pico/pico-sdk/src/rp2_common/pico_printf/printf.c.o
 .text._out_null
                0x00000000100037ac        0x4 CMakeFiles/RP2040-Touch-LCD-1.69.dir/home/oscar/pico/pico-sdk/src/rp2_common/pico_printf/printf.c.o
 .text._out_rev
                0x00000000100037b0       0x9c CMakeFiles/RP2040-Touch-LCD-1.69.dir/home/oscar/pico/pico-sdk/src/rp2_common/pico_printf/printf.c.o
 .text._ntoa_format
                0x000000001000384c      0x1cc CMakeFiles/RP2040-Touch-LCD-1.69.dir/home/oscar/pico/pico-sdk/src/rp2_common/pico_printf/printf.c.o
 .text._out_char
                0x0000000010003a18       0x10 CMakeFiles/RP2040-Touch-LCD-1.69.dir/home/oscar/pico/pico-sdk/src/rp2_common/pico_printf/printf.c.o
 .text._out_fct
                0x0000000010003a28       0x10 CMakeFiles/RP2040-Touch-LCD-1.69.dir/home/oscar/pico/pico-sdk/src/rp2_common/pico_printf/printf.c.o
 .text._etoa    0x0000000010003a38      0x44c CMakeFiles/RP2040-Touch-LCD-1.69.dir/home/oscar/pico/pico-sdk/src/rp2_common/pico_printf/printf.c.o
 .text._ftoa    0x0000000010003e84      0x398 CMakeFiles/RP2040-Touch-LCD-1.69.dir/home/oscar/pico/pico-sdk/src/rp2_common/pico_printf/printf.c.o
 .text._vsnprintf
                0x000000001000421c      0xb04 CMakeFiles/RP2040-Touch-LCD-1.69.dir/home/oscar/pico/pico-sdk/src/rp2_common/pico_printf/printf.c.o
 .text.__wrap_sprintf
                0x0000000010004d20       0x28 CMakeFiles/RP2040-Touch-LCD-1.69.dir/home/oscar/pico/pico-sdk/src/rp2_common/pico_printf/printf.c.o
                0x0000000010004d20                __wrap_sprintf
 .text.vfctprintf
                0x0000000010004d48       0x20 CMakeFiles/RP2040-Touch-LCD-1.69.dir/home/oscar/pico/pico-sdk/src/rp2_common/pico_printf/printf.c.o
                0x0000000010004d48                vfctprintf
 .text.weak_raw_vprintf
                0x0000000010004d68       0x30 CMakeFiles/RP2040-Touch-LCD-1.69.dir/home/oscar/pico/pico-sdk/src/rp2_common/pico_printf/printf.c.o
                0x0000000010004d68                weak_raw_vprintf
 .text._exit    0x0000000010004d98        0x4 CMakeFiles/RP2040-Touch-LCD-1.69.dir/home/oscar/pico/pico-sdk/src/rp2_common/pico_clib_interface/newlib_interface.c.o
                0x0000000010004d98                _exit
 .text._sbrk    0x0000000010004d9c       0x34 CMakeFiles/RP2040-Touch-LCD-1.69.dir/home/oscar/pico/pico-sdk/src/rp2_common/pico_clib_interface/newlib_interface.c.o
                0x0000000010004d9c                _sbrk
 .text._gettimeofday
                0x0000000010004dd0       0x40 CMakeFiles/RP2040-Touch-LCD-1.69.dir/home/oscar/pico/pico-sdk/src/rp2_common/pico_clib_interface/newlib_interface.c.o
                0x0000000010004dd0                _gettimeofday
 .text._read    0x0000000010004e10       0x24 CMakeFiles/RP2040-Touch-LCD-1.69.dir/home/oscar/pico/pico-sdk/src/rp2_common/pico_clib_interface/newlib_interface.c.o
                0x0000000010004e10                _read
 .text._write   0x0000000010004e34       0x24 CMakeFiles/RP2040-Touch-LCD-1.69.dir/home/oscar/pico/pico-sdk/src/rp2_common/pico_clib_interface/newlib_interface.c.o
                0x0000000010004e34                _write
 .text._close   0x0000000010004e58        0x8 CMakeFiles/RP2040-Touch-LCD-1.69.dir/home/oscar/pico/pico-sdk/src/rp2_common/pico_clib_interface/newlib_interface.c.o
                0x0000000010004e58                _close
 .text._lseek   0x0000000010004e60        0x8 CMakeFiles/RP2040-Touch-LCD-1.69.dir/home/oscar/pico/pico-sdk/src/rp2_common/pico_clib_interface/newlib_interface.c.o
                0x0000000010004e60                _lseek
 .text.exit     0x0000000010004e68        0x8 CMakeFiles/RP2040-Touch-LCD-1.69.dir/home/oscar/pico/pico-sdk/src/rp2_common/pico_clib_interface/newlib_interface.c.o
                0x0000000010004e68                exit
 .text.runtime_init
                0x0000000010004e70       0x2c CMakeFiles/RP2040-Touch-LCD-1.69.dir/home/oscar/pico/pico-sdk/src/rp2_common/pico_clib_interface/newlib_interface.c.o
                0x0000000010004e70                runtime_init
 .text.stdio_out_chars_no_crlf
                0x0000000010004e9c       0x10 CMakeFiles/RP2040-Touch-LCD-1.69.dir/home/oscar/pico/pico-sdk/src/rp2_common/pico_stdio/stdio.c.o
 .text.stdio_out_chars_crlf
                0x0000000010004eac       0xb4 CMakeFiles/RP2040-Touch-LCD-1.69.dir/home/oscar/pico/pico-sdk/src/rp2_common/pico_stdio/stdio.c.o
 .text.stdio_buffered_printer
                0x0000000010004f60       0x64 CMakeFiles/RP2040-Touch-LCD-1.69.dir/home/oscar/pico/pico-sdk/src/rp2_common/pico_stdio/stdio.c.o
 .text.stdio_put_string
                0x0000000010004fc4      0x100 CMakeFiles/RP2040-Touch-LCD-1.69.dir/home/oscar/pico/pico-sdk/src/rp2_common/pico_stdio/stdio.c.o
                0x0000000010004fc4                stdio_put_string
 .text.stdio_get_until
                0x00000000100050c4       0x84 CMakeFiles/RP2040-Touch-LCD-1.69.dir/home/oscar/pico/pico-sdk/src/rp2_common/pico_stdio/stdio.c.o
                0x00000000100050c4                stdio_get_until
 .text.stdio_set_driver_enabled
                0x0000000010005148       0x30 CMakeFiles/RP2040-Touch-LCD-1.69.dir/home/oscar/pico/pico-sdk/src/rp2_common/pico_stdio/stdio.c.o
                0x0000000010005148                stdio_set_driver_enabled
 .text.stdio_init_all
                0x0000000010005178        0xc CMakeFiles/RP2040-Touch-LCD-1.69.dir/home/oscar/pico/pico-sdk/src/rp2_common/pico_stdio/stdio.c.o
                0x0000000010005178                stdio_init_all
 .text.__wrap_putchar
                0x0000000010005184       0x98 CMakeFiles/RP2040-Touch-LCD-1.69.dir/home/oscar/pico/pico-sdk/src/rp2_common/pico_stdio/stdio.c.o
                0x0000000010005184                stdio_putchar
                0x0000000010005184                __wrap_putchar
 .text.__wrap_puts
                0x000000001000521c       0x3c CMakeFiles/RP2040-Touch-LCD-1.69.dir/home/oscar/pico/pico-sdk/src/rp2_common/pico_stdio/stdio.c.o
                0x000000001000521c                __wrap_puts
                0x000000001000521c                stdio_puts
 .text.__wrap_vprintf
                0x0000000010005258       0xd8 CMakeFiles/RP2040-Touch-LCD-1.69.dir/home/oscar/pico/pico-sdk/src/rp2_common/pico_stdio/stdio.c.o
                0x0000000010005258                __wrap_vprintf
                0x0000000010005258                stdio_vprintf
 .text.__wrap_printf
                0x0000000010005330       0x18 CMakeFiles/RP2040-Touch-LCD-1.69.dir/home/oscar/pico/pico-sdk/src/rp2_common/pico_stdio/stdio.c.o
                0x0000000010005330                stdio_printf
                0x0000000010005330                __wrap_printf
 .text.stdio_uart_out_chars
                0x0000000010005348       0x4c CMakeFiles/RP2040-Touch-LCD-1.69.dir/home/oscar/pico/pico-sdk/src/rp2_common/pico_stdio_uart/stdio_uart.c.o
 .text.stdio_uart_in_chars
                0x0000000010005394       0x84 CMakeFiles/RP2040-Touch-LCD-1.69.dir/home/oscar/pico/pico-sdk/src/rp2_common/pico_stdio_uart/stdio_uart.c.o
                0x0000000010005394                stdio_uart_in_chars
 .text.on_uart_rx
                0x0000000010005418       0x28 CMakeFiles/RP2040-Touch-LCD-1.69.dir/home/oscar/pico/pico-sdk/src/rp2_common/pico_stdio_uart/stdio_uart.c.o
 .text.stdio_uart_out_flush
                0x0000000010005440       0x14 CMakeFiles/RP2040-Touch-LCD-1.69.dir/home/oscar/pico/pico-sdk/src/rp2_common/pico_stdio_uart/stdio_uart.c.o
 .text.stdio_uart_set_chars_available_callback
                0x0000000010005454       0x88 CMakeFiles/RP2040-Touch-LCD-1.69.dir/home/oscar/pico/pico-sdk/src/rp2_common/pico_stdio_uart/stdio_uart.c.o
 .text.stdio_uart_init
                0x00000000100054dc       0x50 CMakeFiles/RP2040-Touch-LCD-1.69.dir/home/oscar/pico/pico-sdk/src/rp2_common/pico_stdio_uart/stdio_uart.c.o
                0x00000000100054dc                stdio_uart_init
 .text.spi_init
                0x000000001000552c      0x134 CMakeFiles/RP2040-Touch-LCD-1.69.dir/home/oscar/pico/pico-sdk/src/rp2_common/hardware_spi/spi.c.o
                0x000000001000552c                spi_init
 .text.i2c_read_blocking_internal.constprop.0
                0x0000000010005660       0xb4 CMakeFiles/RP2040-Touch-LCD-1.69.dir/home/oscar/pico/pico-sdk/src/rp2_common/hardware_i2c/i2c.c.o
 .text.i2c_write_blocking_internal.constprop.0
                0x0000000010005714       0xd0 CMakeFiles/RP2040-Touch-LCD-1.69.dir/home/oscar/pico/pico-sdk/src/rp2_common/hardware_i2c/i2c.c.o
 .text.i2c_set_baudrate
                0x00000000100057e4       0xc0 CMakeFiles/RP2040-Touch-LCD-1.69.dir/home/oscar/pico/pico-sdk/src/rp2_common/hardware_i2c/i2c.c.o
                0x00000000100057e4                i2c_set_baudrate
 .text.i2c_init
                0x00000000100058a4       0x54 CMakeFiles/RP2040-Touch-LCD-1.69.dir/home/oscar/pico/pico-sdk/src/rp2_common/hardware_i2c/i2c.c.o
                0x00000000100058a4                i2c_init
 .text.i2c_write_blocking
                0x00000000100058f8       0x14 CMakeFiles/RP2040-Touch-LCD-1.69.dir/home/oscar/pico/pico-sdk/src/rp2_common/hardware_i2c/i2c.c.o
                0x00000000100058f8                i2c_write_blocking
 .text.i2c_read_blocking
                0x000000001000590c       0x14 CMakeFiles/RP2040-Touch-LCD-1.69.dir/home/oscar/pico/pico-sdk/src/rp2_common/hardware_i2c/i2c.c.o
                0x000000001000590c                i2c_read_blocking
 .text.adc_init
                0x0000000010005920       0x38 CMakeFiles/RP2040-Touch-LCD-1.69.dir/home/oscar/pico/pico-sdk/src/rp2_common/hardware_adc/adc.c.o
                0x0000000010005920                adc_init
 .text.dma_claim_unused_channel
                0x0000000010005958       0x20 CMakeFiles/RP2040-Touch-LCD-1.69.dir/home/oscar/pico/pico-sdk/src/rp2_common/hardware_dma/dma.c.o
                0x0000000010005958                dma_claim_unused_channel
 .text.set_x_anim
                0x0000000010005978        0xc examples/libexamples.a(LCD_1in69_LVGL_test.c.o)
 .text.event_handler
                0x0000000010005984       0xe4 examples/libexamples.a(LCD_1in69_LVGL_test.c.o)
 .text.btn_display_clock
                0x0000000010005a68      0x160 examples/libexamples.a(LCD_1in69_LVGL_test.c.o)
 .text.update_clock_hands
                0x0000000010005bc8      0x1e0 examples/libexamples.a(LCD_1in69_LVGL_test.c.o)
 .text.roller_event_handler
                0x0000000010005da8       0xa4 examples/libexamples.a(LCD_1in69_LVGL_test.c.o)
 .text.timer_callback
                0x0000000010005e4c       0x74 examples/libexamples.a(LCD_1in69_LVGL_test.c.o)
 .text.lv_example_get_started_1
                0x0000000010005ec0      0x7b4 examples/libexamples.a(LCD_1in69_LVGL_test.c.o)
                0x0000000010005ec0                lv_example_get_started_1
 .text.LCD_1in69_LVGL_Test
                0x0000000010006674       0x84 examples/libexamples.a(LCD_1in69_LVGL_test.c.o)
                0x0000000010006674                LCD_1in69_LVGL_Test
 .text.ts_read_cb
                0x00000000100066f8       0x24 examples/libexamples.a(LVGL_example.c.o)
 .text.dma_handler
                0x000000001000671c       0x38 examples/libexamples.a(LVGL_example.c.o)
 .text.disp_flush_cb
                0x0000000010006754       0x70 examples/libexamples.a(LVGL_example.c.o)
 .text.repeating_lvgl_timer_callback
                0x00000000100067c4        0xc examples/libexamples.a(LVGL_example.c.o)
 .text.update_imu_data
                0x00000000100067d0       0x74 examples/libexamples.a(LVGL_example.c.o)
 .text.repeating_imu_data_update_timer_callback
                0x0000000010006844       0x48 examples/libexamples.a(LVGL_example.c.o)
 .text.update_rtc_data
                0x000000001000688c       0xc0 examples/libexamples.a(LVGL_example.c.o)
 .text.repeating_rtc_update_timer_callback
                0x000000001000694c       0x48 examples/libexamples.a(LVGL_example.c.o)
 .text.touch_callback
                0x0000000010006994       0x44 examples/libexamples.a(LVGL_example.c.o)
 .text.LVGL_Init
                0x00000000100069d8      0x108 examples/libexamples.a(LVGL_example.c.o)
                0x00000000100069d8                LVGL_Init
 .text.LCD_1IN69_Init
                0x0000000010006ae0      0x8f0 lib/LCD/libLCD.a(LCD_1in69.c.o)
                0x0000000010006ae0                LCD_1IN69_Init
 .text.LCD_1IN69_SetWindows
                0x00000000100073d0      0x2a4 lib/LCD/libLCD.a(LCD_1in69.c.o)
                0x00000000100073d0                LCD_1IN69_SetWindows
 .text.LCD_1IN69_Clear
                0x0000000010007674       0x64 lib/LCD/libLCD.a(LCD_1in69.c.o)
                0x0000000010007674                LCD_1IN69_Clear
 .text.CST816S_init
                0x00000000100076d8       0xd0 lib/Touch/libTouch.a(CST816S.c.o)
                0x00000000100076d8                CST816S_init
 .text.CST816S_Get_Point
                0x00000000100077a8       0x68 lib/Touch/libTouch.a(CST816S.c.o)
                0x00000000100077a8                CST816S_Get_Point
 .text.CST816S_Get_Gesture
                0x0000000010007810       0x14 lib/Touch/libTouch.a(CST816S.c.o)
                0x0000000010007810                CST816S_Get_Gesture
 .text.QMI8658_config_acc
                0x0000000010007824       0x98 lib/QMI8658/libQMI8658.a(QMI8658.c.o)
                0x0000000010007824                QMI8658_config_acc
 .text.QMI8658_config_gyro
                0x00000000100078bc       0xe4 lib/QMI8658/libQMI8658.a(QMI8658.c.o)
                0x00000000100078bc                QMI8658_config_gyro
 .text.QMI8658_config_ae
                0x00000000100079a0       0x68 lib/QMI8658/libQMI8658.a(QMI8658.c.o)
                0x00000000100079a0                QMI8658_config_ae
 .text.QMI8658_read_xyz
                0x0000000010007a08      0x134 lib/QMI8658/libQMI8658.a(QMI8658.c.o)
                0x0000000010007a08                QMI8658_read_xyz
 .text.QMI8658_Config_apply
                0x0000000010007b3c       0xc0 lib/QMI8658/libQMI8658.a(QMI8658.c.o)
                0x0000000010007b3c                QMI8658_Config_apply
 .text.QMI8658_init
                0x0000000010007bfc      0x1b4 lib/QMI8658/libQMI8658.a(QMI8658.c.o)
                0x0000000010007bfc                QMI8658_init
 .text          0x0000000010007db0      0x5c0 lib/lvgl/libLVGL.a(lv_disp.c.o)
                0x0000000010007e50                lv_disp_get_scr_act
                0x0000000010007e6c                lv_disp_get_scr_prev
                0x0000000010007e88                lv_disp_load_scr
                0x0000000010007edc                lv_disp_get_layer_top
                0x0000000010007ef8                lv_disp_get_layer_sys
                0x0000000010007f14                lv_disp_set_theme
                0x0000000010007f60                lv_disp_get_theme
                0x0000000010007f70                lv_disp_set_bg_color
                0x0000000010007fb8                lv_disp_set_bg_image
                0x0000000010008000                lv_disp_set_bg_opa
                0x0000000010008048                lv_scr_load_anim
                0x00000000100082d8                lv_disp_get_inactive_time
                0x000000001000831c                lv_disp_trig_activity
                0x0000000010008338                lv_disp_clean_dcache
                0x0000000010008354                _lv_disp_get_refr_timer
 .text          0x0000000010008370      0x480 lib/lvgl/libLVGL.a(lv_event.c.o)
                0x0000000010008480                lv_event_send
                0x00000000100084c0                lv_obj_event_base
                0x00000000100084f0                lv_event_get_target
                0x00000000100084f4                lv_event_get_current_target
                0x00000000100084f8                lv_event_get_code
                0x00000000100084fc                lv_event_get_param
                0x0000000010008500                lv_event_get_user_data
                0x0000000010008504                lv_event_register_id
                0x0000000010008514                _lv_event_mark_deleted
                0x0000000010008544                lv_obj_add_event_cb
                0x0000000010008598                lv_obj_remove_event_cb
                0x0000000010008618                lv_obj_remove_event_cb_with_user_data
                0x00000000100086ac                lv_obj_remove_event_dsc
                0x0000000010008728                lv_event_get_indev
                0x0000000010008738                lv_event_get_draw_part_dsc
                0x0000000010008748                lv_event_get_clip_area
                0x0000000010008758                lv_event_get_old_size
                0x0000000010008768                lv_event_get_key
                0x000000001000877c                lv_event_get_scroll_anim
                0x000000001000878c                lv_event_set_ext_draw_size
                0x00000000100087ac                lv_event_get_self_size_info
                0x00000000100087bc                lv_event_get_hit_test_info
                0x00000000100087cc                lv_event_get_cover_area
                0x00000000100087dc                lv_event_set_cover_res
 .text          0x00000000100087f0     0x10ec lib/lvgl/libLVGL.a(lv_indev.c.o)
                0x0000000010008898                lv_indev_enable
                0x00000000100088b4                lv_indev_get_act
                0x00000000100088c0                lv_indev_get_type
                0x00000000100088d0                lv_indev_reset
                0x00000000100089b0                lv_indev_reset_long_press
                0x00000000100089cc                lv_indev_set_cursor
                0x0000000010008a10                lv_indev_set_group
                0x0000000010008a20                lv_indev_set_button_points
                0x0000000010008a2c                lv_indev_get_point
                0x0000000010008a5c                lv_indev_get_gesture_dir
                0x0000000010008a64                lv_indev_get_key
                0x0000000010008a74                lv_indev_get_scroll_dir
                0x0000000010008a94                lv_indev_get_scroll_obj
                0x0000000010008ab0                lv_indev_get_vect
                0x0000000010008ad4                lv_indev_wait_release
                0x0000000010008ae4                lv_indev_get_obj_act
                0x0000000010008af0                lv_indev_get_read_timer
                0x0000000010008afc                lv_indev_search_obj
                0x0000000010009014                lv_indev_read_timer_cb
 .text          0x00000000100098dc      0xc0c lib/lvgl/libLVGL.a(lv_indev_scroll.c.o)
                0x0000000010009cd4                _lv_indev_scroll_handler
                0x000000001000a1b4                _lv_indev_scroll_throw_handler
                0x000000001000a478                lv_indev_scroll_throw_predict
                0x000000001000a4bc                lv_indev_scroll_get_snap_dist
 .text          0x000000001000a4e8     0x10a4 lib/lvgl/libLVGL.a(lv_obj.c.o)
                0x000000001000b2ac                lv_is_initialized
                0x000000001000b2b8                lv_init
                0x000000001000b30c                lv_deinit
                0x000000001000b328                lv_obj_create
                0x000000001000b340                lv_obj_add_flag
                0x000000001000b3b0                lv_obj_clear_flag
                0x000000001000b42c                lv_obj_add_state
                0x000000001000b43c                lv_obj_clear_state
                0x000000001000b450                lv_obj_has_flag
                0x000000001000b460                lv_obj_has_flag_any
                0x000000001000b46c                lv_obj_get_state
                0x000000001000b470                lv_obj_has_state
                0x000000001000b47c                lv_obj_get_group
                0x000000001000b488                lv_obj_allocate_spec_attr
                0x000000001000b4cc                lv_obj_check_type
                0x000000001000b4e0                lv_obj_has_class
                0x000000001000b4fc                lv_obj_get_class
                0x000000001000b500                lv_obj_is_valid
 .text          0x000000001000b58c      0x2b4 lib/lvgl/libLVGL.a(lv_obj_class.c.o)
                0x000000001000b5f8                lv_obj_class_create_obj
                0x000000001000b6e0                lv_obj_class_init_obj
                0x000000001000b7c8                _lv_obj_destruct
                0x000000001000b7f0                lv_obj_is_editable
                0x000000001000b818                lv_obj_is_group_def
 .text          0x000000001000b840      0x758 lib/lvgl/libLVGL.a(lv_obj_draw.c.o)
                0x000000001000b840                lv_obj_init_draw_rect_dsc
                0x000000001000bb30                lv_obj_init_draw_label_dsc
                0x000000001000bbf0                lv_obj_init_draw_img_dsc
                0x000000001000bc90                lv_obj_init_draw_line_dsc
                0x000000001000bd4c                lv_obj_init_draw_arc_dsc
                0x000000001000bde8                lv_obj_calculate_ext_draw_size
                0x000000001000befc                lv_obj_draw_dsc_init
                0x000000001000bf0c                lv_obj_draw_part_check_type
                0x000000001000bf24                lv_obj_refresh_ext_draw_size
                0x000000001000bf88                _lv_obj_get_ext_draw_size
 .text          0x000000001000bf98     0x2344 lib/lvgl/libLVGL.a(lv_obj_pos.c.o)
                0x000000001000c254                lv_obj_set_pos
                0x000000001000c2c4                lv_obj_set_x
                0x000000001000c2f8                lv_obj_set_y
                0x000000001000c32c                lv_obj_set_size
                0x000000001000c39c                lv_obj_set_width
                0x000000001000c3d0                lv_obj_set_height
                0x000000001000c404                lv_obj_set_content_width
                0x000000001000c470                lv_obj_set_content_height
                0x000000001000c4dc                lv_obj_set_layout
                0x000000001000c50c                lv_obj_is_layout_positioned
                0x000000001000c544                lv_obj_mark_layout_as_dirty
                0x000000001000c568                lv_layout_register
                0x000000001000c5a4                lv_obj_set_align
                0x000000001000c5b0                lv_obj_align
                0x000000001000c628                lv_obj_get_coords
                0x000000001000c644                lv_obj_get_x
                0x000000001000c698                lv_obj_get_x2
                0x000000001000c6fc                lv_obj_get_y
                0x000000001000c750                lv_obj_get_y2
                0x000000001000c7b4                lv_obj_get_width
                0x000000001000c7c4                lv_obj_get_height
                0x000000001000c7d4                lv_obj_get_content_width
                0x000000001000c81c                lv_obj_get_content_height
                0x000000001000c864                lv_obj_get_content_coords
                0x000000001000c8ec                lv_obj_get_self_width
                0x000000001000c90c                lv_obj_get_self_height
                0x000000001000c92c                lv_obj_refresh_self_size
                0x000000001000c988                lv_obj_move_children_by
                0x000000001000ca44                lv_obj_area_is_visible
                0x000000001000cb00                lv_obj_invalidate_area
                0x000000001000cb34                lv_obj_invalidate
                0x000000001000cb78                lv_obj_move_to
                0x000000001000d0e0                lv_obj_refr_pos
                0x000000001000d9ec                lv_obj_refr_size
                0x000000001000dabc                lv_obj_align_to
                0x000000001000e084                lv_obj_update_layout
                0x000000001000e0c4                lv_obj_is_visible
                0x000000001000e0fc                lv_obj_set_ext_click_area
                0x000000001000e10c                lv_obj_get_click_area
                0x000000001000e140                lv_obj_hit_test
                0x000000001000e1bc                lv_clamp_width
                0x000000001000e24c                lv_clamp_height
 .text          0x000000001000e2dc     0x1be4 lib/lvgl/libLVGL.a(lv_obj_scroll.c.o)
                0x000000001000e56c                lv_obj_set_scrollbar_mode
                0x000000001000e594                lv_obj_set_scroll_dir
                0x000000001000e5b8                lv_obj_set_scroll_snap_x
                0x000000001000e5d8                lv_obj_set_scroll_snap_y
                0x000000001000e5f8                lv_obj_get_scrollbar_mode
                0x000000001000e60c                lv_obj_get_scroll_dir
                0x000000001000e620                lv_obj_get_scroll_snap_x
                0x000000001000e634                lv_obj_get_scroll_snap_y
                0x000000001000e648                lv_obj_get_scroll_x
                0x000000001000e65c                lv_obj_get_scroll_y
                0x000000001000e670                lv_obj_get_scroll_top
                0x000000001000e684                lv_obj_get_scroll_bottom
                0x000000001000f080                lv_obj_get_scroll_left
                0x000000001000f0b0                lv_obj_get_scroll_right
                0x000000001000f0e0                lv_obj_get_scroll_end
                0x000000001000f148                lv_obj_scroll_by
                0x000000001000f658                lv_obj_scroll_to_x
                0x000000001000f7d4                lv_obj_scroll_to
                0x000000001000f950                lv_obj_scroll_to_y
                0x000000001000fac4                lv_obj_scroll_to_view
                0x000000001000fae8                lv_obj_scroll_to_view_recursive
                0x000000001000fb24                lv_obj_is_scrolling
                0x000000001000fb50                lv_obj_update_snap
                0x000000001000fce0                lv_obj_get_scrollbar_area
                0x000000001000fd24                lv_obj_scrollbar_invalidate
                0x000000001000fda8                lv_obj_readjust_scroll
 .text          0x000000001000fec0     0x1a24 lib/lvgl/libLVGL.a(lv_obj_style.c.o)
                0x0000000010010908                _lv_obj_style_init
                0x0000000010010918                lv_obj_report_style_change
                0x00000000100109f0                lv_obj_enable_style_refresh
                0x00000000100109fc                lv_obj_get_style_prop
                0x0000000010010cf4                lv_obj_refresh_style
                0x0000000010010d08                lv_obj_add_style
                0x0000000010010fdc                lv_obj_remove_style
                0x0000000010011234                lv_obj_set_local_style_prop
                0x0000000010011364                lv_obj_get_local_style_prop
                0x0000000010011398                lv_obj_remove_local_style_prop
                0x00000000100113dc                _lv_obj_style_create_transition
                0x0000000010011560                _lv_obj_style_state_compare
                0x000000001001183c                lv_obj_fade_in
                0x0000000010011878                lv_obj_fade_out
                0x00000000100118ac                lv_obj_style_get_selector_state
                0x00000000100118b0                lv_obj_style_get_selector_part
                0x00000000100118b8                lv_obj_calculate_style_text_align
 .text          0x00000000100118e4      0x6f8 lib/lvgl/libLVGL.a(lv_obj_style_gen.c.o)
                0x00000000100118e4                lv_obj_set_style_width
                0x00000000100118f8                lv_obj_set_style_min_width
                0x000000001001190c                lv_obj_set_style_max_width
                0x0000000010011920                lv_obj_set_style_height
                0x0000000010011934                lv_obj_set_style_min_height
                0x0000000010011948                lv_obj_set_style_max_height
                0x000000001001195c                lv_obj_set_style_x
                0x0000000010011970                lv_obj_set_style_y
                0x0000000010011984                lv_obj_set_style_align
                0x0000000010011998                lv_obj_set_style_transform_width
                0x00000000100119ac                lv_obj_set_style_transform_height
                0x00000000100119c0                lv_obj_set_style_translate_x
                0x00000000100119d4                lv_obj_set_style_translate_y
                0x00000000100119e8                lv_obj_set_style_transform_zoom
                0x00000000100119fc                lv_obj_set_style_transform_angle
                0x0000000010011a10                lv_obj_set_style_pad_top
                0x0000000010011a24                lv_obj_set_style_pad_bottom
                0x0000000010011a38                lv_obj_set_style_pad_left
                0x0000000010011a4c                lv_obj_set_style_pad_right
                0x0000000010011a60                lv_obj_set_style_pad_row
                0x0000000010011a74                lv_obj_set_style_pad_column
                0x0000000010011a88                lv_obj_set_style_radius
                0x0000000010011a98                lv_obj_set_style_clip_corner
                0x0000000010011aa8                lv_obj_set_style_opa
                0x0000000010011abc                lv_obj_set_style_color_filter_dsc
                0x0000000010011acc                lv_obj_set_style_color_filter_opa
                0x0000000010011adc                lv_obj_set_style_anim_time
                0x0000000010011aec                lv_obj_set_style_anim_speed
                0x0000000010011afc                lv_obj_set_style_transition
                0x0000000010011b0c                lv_obj_set_style_blend_mode
                0x0000000010011b1c                lv_obj_set_style_layout
                0x0000000010011b30                lv_obj_set_style_base_dir
                0x0000000010011b44                lv_obj_set_style_bg_color
                0x0000000010011b5c                lv_obj_set_style_bg_color_filtered
                0x0000000010011b78                lv_obj_set_style_bg_opa
                0x0000000010011b88                lv_obj_set_style_bg_grad_color
                0x0000000010011ba0                lv_obj_set_style_bg_grad_color_filtered
                0x0000000010011bbc                lv_obj_set_style_bg_grad_dir
                0x0000000010011bcc                lv_obj_set_style_bg_main_stop
                0x0000000010011bdc                lv_obj_set_style_bg_grad_stop
                0x0000000010011bec                lv_obj_set_style_bg_img_src
                0x0000000010011c00                lv_obj_set_style_bg_img_opa
                0x0000000010011c10                lv_obj_set_style_bg_img_recolor
                0x0000000010011c28                lv_obj_set_style_bg_img_recolor_filtered
                0x0000000010011c44                lv_obj_set_style_bg_img_recolor_opa
                0x0000000010011c54                lv_obj_set_style_bg_img_tiled
                0x0000000010011c64                lv_obj_set_style_border_color
                0x0000000010011c7c                lv_obj_set_style_border_color_filtered
                0x0000000010011c98                lv_obj_set_style_border_opa
                0x0000000010011ca8                lv_obj_set_style_border_width
                0x0000000010011cbc                lv_obj_set_style_border_side
                0x0000000010011ccc                lv_obj_set_style_border_post
                0x0000000010011cdc                lv_obj_set_style_text_color
                0x0000000010011cf8                lv_obj_set_style_text_color_filtered
                0x0000000010011d14                lv_obj_set_style_text_opa
                0x0000000010011d24                lv_obj_set_style_text_font
                0x0000000010011d38                lv_obj_set_style_text_letter_space
                0x0000000010011d4c                lv_obj_set_style_text_line_space
                0x0000000010011d60                lv_obj_set_style_text_decor
                0x0000000010011d74                lv_obj_set_style_text_align
                0x0000000010011d88                lv_obj_set_style_img_opa
                0x0000000010011d98                lv_obj_set_style_img_recolor
                0x0000000010011db0                lv_obj_set_style_img_recolor_filtered
                0x0000000010011dcc                lv_obj_set_style_img_recolor_opa
                0x0000000010011ddc                lv_obj_set_style_outline_width
                0x0000000010011df0                lv_obj_set_style_outline_color
                0x0000000010011e08                lv_obj_set_style_outline_color_filtered
                0x0000000010011e24                lv_obj_set_style_outline_opa
                0x0000000010011e38                lv_obj_set_style_outline_pad
                0x0000000010011e4c                lv_obj_set_style_shadow_width
                0x0000000010011e5c                lv_obj_set_style_shadow_ofs_x
                0x0000000010011e70                lv_obj_set_style_shadow_ofs_y
                0x0000000010011e84                lv_obj_set_style_shadow_spread
                0x0000000010011e98                lv_obj_set_style_shadow_color
                0x0000000010011eb0                lv_obj_set_style_shadow_color_filtered
                0x0000000010011ecc                lv_obj_set_style_shadow_opa
                0x0000000010011ee0                lv_obj_set_style_line_width
                0x0000000010011ef4                lv_obj_set_style_line_dash_width
                0x0000000010011f04                lv_obj_set_style_line_dash_gap
                0x0000000010011f14                lv_obj_set_style_line_rounded
                0x0000000010011f24                lv_obj_set_style_line_color
                0x0000000010011f3c                lv_obj_set_style_line_color_filtered
                0x0000000010011f58                lv_obj_set_style_line_opa
                0x0000000010011f68                lv_obj_set_style_arc_width
                0x0000000010011f78                lv_obj_set_style_arc_rounded
                0x0000000010011f88                lv_obj_set_style_arc_color
                0x0000000010011fa0                lv_obj_set_style_arc_color_filtered
                0x0000000010011fbc                lv_obj_set_style_arc_opa
                0x0000000010011fcc                lv_obj_set_style_arc_img_src
 .text          0x0000000010011fdc      0x7fc lib/lvgl/libLVGL.a(lv_obj_tree.c.o)
                0x0000000010012218                lv_obj_del
                0x00000000100122d8                lv_obj_del_anim_ready_cb
                0x00000000100122ec                lv_obj_clean
                0x000000001001233c                lv_obj_del_delayed
                0x000000001001236c                lv_obj_del_async
                0x000000001001237c                lv_obj_set_parent
                0x0000000010012498                lv_obj_move_to_index
                0x0000000010012564                lv_obj_swap
                0x00000000100126e4                lv_obj_get_screen
                0x00000000100126f4                lv_obj_get_disp
                0x0000000010012744                lv_obj_get_parent
                0x0000000010012750                lv_obj_get_child
                0x0000000010012770                lv_obj_get_child_cnt
                0x0000000010012780                lv_obj_get_index
                0x00000000100127d0                lv_obj_tree_walk
 .text          0x00000000100127d8      0xf0c lib/lvgl/libLVGL.a(lv_refr.c.o)
                0x000000001001317c                _lv_refr_init
                0x0000000010013180                _lv_inv_area
                0x0000000010013258                _lv_refr_get_disp_refreshing
                0x0000000010013264                _lv_refr_set_disp_refreshing
                0x0000000010013270                _lv_disp_refr_timer
                0x00000000100136b4                lv_refr_now
 .text          0x00000000100136e4      0x1e0 lib/lvgl/libLVGL.a(lv_theme.c.o)
                0x0000000010013744                lv_theme_get_from_obj
                0x000000001001375c                lv_theme_apply
                0x00000000100137e0                lv_theme_set_parent
                0x00000000100137e4                lv_theme_set_apply_cb
                0x00000000100137e8                lv_theme_get_font_small
                0x0000000010013814                lv_theme_get_font_normal
                0x0000000010013840                lv_theme_get_font_large
                0x000000001001386c                lv_theme_get_color_primary
                0x0000000010013898                lv_theme_get_color_secondary
 .text          0x00000000100138c4      0xa18 lib/lvgl/libLVGL.a(lv_draw_img.c.o)
                0x0000000010013f9c                lv_draw_img_dsc_init
                0x0000000010013fbc                lv_draw_img
                0x0000000010014274                lv_img_cf_get_px_size
                0x0000000010014288                lv_img_cf_is_chroma_keyed
                0x00000000100142a0                lv_img_cf_has_alpha
                0x00000000100142c0                lv_img_src_get_type
 .text          0x00000000100142dc      0xb88 lib/lvgl/libLVGL.a(lv_draw_label.c.o)
                0x00000000100142dc                lv_draw_label_dsc_init
                0x000000001001430c                lv_draw_letter
                0x000000001001474c                lv_draw_label
 .text          0x0000000010014e64      0x99c lib/lvgl/libLVGL.a(lv_draw_line.c.o)
                0x0000000010014e64                lv_draw_line_dsc_init
                0x0000000010014e7c                lv_draw_line
 .text          0x0000000010015800     0x1cc0 lib/lvgl/libLVGL.a(lv_draw_mask.c.o)
                0x0000000010016574                lv_draw_mask_add
                0x000000001001664c                lv_draw_mask_apply
                0x00000000100166b4                lv_draw_mask_apply_ids
                0x0000000010016730                lv_draw_mask_remove_id
                0x000000001001674c                lv_draw_mask_remove_custom
                0x0000000010016894                lv_draw_mask_free_param
                0x00000000100168c4                _lv_draw_mask_cleanup
                0x00000000100168ec                lv_draw_mask_get_cnt
                0x0000000010016990                lv_draw_mask_is_any
                0x00000000100169f0                lv_draw_mask_line_points_init
                0x0000000010016b74                lv_draw_mask_line_angle_init
                0x0000000010016d30                lv_draw_mask_angle_init
                0x0000000010016e88                lv_draw_mask_radius_init
                0x0000000010017458                lv_draw_mask_fade_init
                0x0000000010017494                lv_draw_mask_map_init
 .text          0x00000000100174c0     0x2cdc lib/lvgl/libLVGL.a(lv_draw_rect.c.o)
                0x0000000010017708                lv_draw_rect_dsc_init
                0x0000000010017750                draw_border_generic
                0x00000000100180a0                lv_draw_rect
 .text          0x000000001001a19c      0xf74 lib/lvgl/libLVGL.a(lv_img_buf.c.o)
                0x000000001001a19c                lv_img_buf_get_px_color
                0x000000001001a288                lv_img_buf_get_px_alpha
                0x000000001001a374                lv_img_buf_set_px_alpha
                0x000000001001a468                lv_img_buf_set_px_color
                0x000000001001a594                lv_img_buf_set_palette
                0x000000001001a620                lv_img_buf_alloc
                0x000000001001a714                lv_img_buf_free
                0x000000001001a72c                lv_img_buf_get_img_size
                0x000000001001a7c4                _lv_img_buf_transform_init
                0x000000001001a8e4                _lv_img_buf_get_transformed_area
                0x000000001001aafc                _lv_img_buf_transform_anti_alias
                0x000000001001af94                _lv_img_buf_transform
 .text          0x000000001001b110       0x68 lib/lvgl/libLVGL.a(lv_img_cache.c.o)
                0x000000001001b110                _lv_img_cache_open
                0x000000001001b170                lv_img_cache_set_size
                0x000000001001b174                lv_img_cache_invalidate_src
 .text          0x000000001001b178      0x8f8 lib/lvgl/libLVGL.a(lv_img_decoder.c.o)
                0x000000001001b178                lv_img_decoder_built_in_close
                0x000000001001b1b0                lv_img_decoder_built_in_info
                0x000000001001b27c                lv_img_decoder_built_in_read_line
                0x000000001001b630                lv_img_decoder_built_in_open
                0x000000001001b854                _lv_img_decoder_init
                0x000000001001b898                lv_img_decoder_get_info
                0x000000001001b900                lv_img_decoder_open
                0x000000001001b9e0                lv_img_decoder_read_line
                0x000000001001ba04                lv_img_decoder_close
                0x000000001001ba2c                lv_img_decoder_create
                0x000000001001ba48                lv_img_decoder_delete
                0x000000001001ba60                lv_img_decoder_set_info_cb
                0x000000001001ba64                lv_img_decoder_set_open_cb
                0x000000001001ba68                lv_img_decoder_set_read_line_cb
                0x000000001001ba6c                lv_img_decoder_set_close_cb
 .text          0x000000001001ba70        0xc lib/lvgl/libLVGL.a(lv_extra.c.o)
                0x000000001001ba70                lv_extra_init
 .text          0x000000001001ba7c      0x550 lib/lvgl/libLVGL.a(lv_tabview.c.o)
                0x000000001001bc24                lv_tabview_create
                0x000000001001bc48                lv_tabview_set_act
                0x000000001001bddc                lv_tabview_add_tab
                0x000000001001bfb0                lv_tabview_get_tab_act
                0x000000001001bfb4                lv_tabview_get_content
                0x000000001001bfc0                lv_tabview_get_tab_btns
 .text          0x000000001001bfcc      0x278 lib/lvgl/libLVGL.a(lv_tileview.c.o)
                0x000000001001c130                lv_tileview_create
                0x000000001001c148                lv_tileview_add_tile
                0x000000001001c170                lv_obj_set_tile
                0x000000001001c1ac                lv_obj_set_tile_id
                0x000000001001c240                lv_tileview_get_tile_act
 .text          0x000000001001c244       0x44 lib/lvgl/libLVGL.a(lv_font.c.o)
                0x000000001001c244                lv_font_get_glyph_bitmap
                0x000000001001c254                lv_font_get_glyph_dsc
                0x000000001001c264                lv_font_get_glyph_width
 .text          0x000000001001c288      0x4e0 lib/lvgl/libLVGL.a(lv_font_fmt_txt.c.o)
                0x000000001001c2b8                lv_font_get_bitmap_fmt_txt
                0x000000001001c3d8                lv_font_get_glyph_dsc_fmt_txt
                0x000000001001c764                _lv_font_clean_up_fmt_txt
 .text          0x000000001001c768      0xacc lib/lvgl/libLVGL.a(lv_hal_disp.c.o)
                0x000000001001ccc0                lv_disp_drv_init
                0x000000001001ccfc                lv_disp_draw_buf_init
                0x000000001001cd18                lv_disp_drv_register
                0x000000001001ce24                lv_disp_drv_update
                0x000000001001cef0                lv_disp_remove
                0x000000001001cf7c                lv_disp_set_default
                0x000000001001cf88                lv_disp_get_default
                0x000000001001cf94                lv_disp_get_hor_res
                0x000000001001cfbc                lv_disp_get_ver_res
                0x000000001001cfe4                lv_disp_get_physical_hor_res
                0x000000001001d020                lv_disp_get_physical_ver_res
                0x000000001001d05c                lv_disp_get_offset_x
                0x000000001001d0bc                lv_disp_get_offset_y
                0x000000001001d11c                lv_disp_get_antialiasing
                0x000000001001d13c                lv_disp_get_dpi
                0x000000001001d15c                lv_disp_flush_ready
                0x000000001001d168                lv_disp_flush_is_last
                0x000000001001d174                lv_disp_get_next
                0x000000001001d190                lv_disp_get_draw_buf
                0x000000001001d198                lv_disp_set_rotation
                0x000000001001d1c8                lv_disp_get_rotation
                0x000000001001d1e8                lv_disp_drv_use_generic_set_px_cb
 .text          0x000000001001d234       0xc8 lib/lvgl/libLVGL.a(lv_hal_indev.c.o)
                0x000000001001d234                lv_indev_drv_init
                0x000000001001d254                lv_indev_drv_register
                0x000000001001d2a0                lv_indev_drv_update
                0x000000001001d2a4                lv_indev_get_next
                0x000000001001d2c0                _lv_indev_read
 .text          0x000000001001d2fc       0x40 lib/lvgl/libLVGL.a(lv_hal_tick.c.o)
                0x000000001001d2fc                lv_tick_inc
                0x000000001001d310                lv_tick_get
                0x000000001001d324                lv_tick_elaps
 .text          0x000000001001d33c      0x7b4 lib/lvgl/libLVGL.a(lv_anim.c.o)
                0x000000001001d33c                lv_anim_path_linear
                0x000000001001d530                _lv_anim_core_init
                0x000000001001d578                lv_anim_init
                0x000000001001d5a8                lv_anim_get_playtime
                0x000000001001d5f4                lv_anim_del
                0x000000001001d798                lv_anim_start
                0x000000001001d848                lv_anim_del_all
                0x000000001001d87c                lv_anim_get
                0x000000001001d8c8                lv_anim_count_running
                0x000000001001d8f0                lv_anim_speed_to_time
                0x000000001001d918                lv_anim_refr_now
                0x000000001001d924                lv_anim_path_ease_in
                0x000000001001d958                lv_anim_path_ease_out
                0x000000001001d994                lv_anim_path_ease_in_out
                0x000000001001d9cc                lv_anim_path_overshoot
                0x000000001001da08                lv_anim_path_bounce
                0x000000001001dae0                lv_anim_path_step
 .text          0x000000001001daf0      0x8f0 lib/lvgl/libLVGL.a(lv_area.c.o)
                0x000000001001daf0                lv_area_set
                0x000000001001db04                lv_area_set_width
                0x000000001001db10                lv_area_set_height
                0x000000001001db1c                _lv_area_set_pos
                0x000000001001db3c                lv_area_get_size
                0x000000001001db5c                lv_area_increase
                0x000000001001db7c                lv_area_move
                0x000000001001db9c                _lv_area_intersect
                0x000000001001dc14                _lv_area_join
                0x000000001001dc68                _lv_area_is_point_on
                0x000000001001de64                _lv_area_is_on
                0x000000001001dea4                _lv_area_is_in
                0x000000001001df44                _lv_area_is_out
                0x000000001001dfe8                lv_area_align
 .text          0x000000001001e3e0       0x54 lib/lvgl/libLVGL.a(lv_async.c.o)
                0x000000001001e3f4                lv_async_call
 .text          0x000000001001e434      0x648 lib/lvgl/libLVGL.a(lv_color.c.o)
                0x000000001001e434                lv_color_fill
                0x000000001001e50c                lv_color_lighten
                0x000000001001e578                lv_color_darken
                0x000000001001e5d0                lv_color_change_lightness
                0x000000001001e6a4                lv_color_hsv_to_rgb
                0x000000001001e78c                lv_color_rgb_to_hsv
                0x000000001001e8b8                lv_color_to_hsv
                0x000000001001ea24                lv_palette_main
                0x000000001001ea38                lv_palette_lighten
                0x000000001001ea5c                lv_palette_darken
 .text          0x000000001001ea7c      0x3d8 lib/lvgl/libLVGL.a(lv_fs.c.o)
                0x000000001001ea7c                _lv_fs_init
                0x000000001001ea8c                lv_fs_is_ready
                0x000000001001eac8                lv_fs_open
                0x000000001001eb50                lv_fs_close
                0x000000001001eb74                lv_fs_read
                0x000000001001ebb8                lv_fs_write
                0x000000001001ebfc                lv_fs_seek
                0x000000001001ec20                lv_fs_tell
                0x000000001001ec44                lv_fs_dir_open
                0x000000001001ecc4                lv_fs_dir_read
                0x000000001001ecec                lv_fs_dir_close
                0x000000001001ed14                lv_fs_drv_init
                0x000000001001ed20                lv_fs_drv_register
                0x000000001001ed38                lv_fs_get_drv
                0x000000001001ed68                lv_fs_get_letters
                0x000000001001eda4                lv_fs_get_ext
                0x000000001001edd0                lv_fs_up
                0x000000001001ee1c                lv_fs_get_last
 .text          0x000000001001ee54       0xac lib/lvgl/libLVGL.a(lv_gc.c.o)
                0x000000001001ee54                _lv_gc_clear_roots
 .text          0x000000001001ef00      0x350 lib/lvgl/libLVGL.a(lv_ll.c.o)
                0x000000001001ef00                _lv_ll_init
                0x000000001001ef10                _lv_ll_ins_head
                0x000000001001ef40                _lv_ll_ins_prev
                0x000000001001efa0                _lv_ll_ins_tail
                0x000000001001efd0                _lv_ll_remove
                0x000000001001f024                _lv_ll_clear
                0x000000001001f088                _lv_ll_chg_list
                0x000000001001f130                _lv_ll_get_head
                0x000000001001f13c                _lv_ll_get_tail
                0x000000001001f148                _lv_ll_get_next
                0x000000001001f150                _lv_ll_get_prev
                0x000000001001f158                _lv_ll_get_len
                0x000000001001f178                _lv_ll_move_before
                0x000000001001f234                _lv_ll_is_empty
 .text          0x000000001001f250      0x22c lib/lvgl/libLVGL.a(lv_math.c.o)
                0x000000001001f250                lv_trigo_sin
                0x000000001001f2b0                lv_bezier3
                0x000000001001f2f4                lv_sqrt
                0x000000001001f318                lv_atan2
                0x000000001001f3dc                lv_pow
                0x000000001001f430                lv_map
                0x000000001001f454                lv_rand
 .text          0x000000001001f47c      0xa50 lib/lvgl/libLVGL.a(lv_mem.c.o)
                0x000000001001f4a0                lv_mem_init
                0x000000001001f4bc                lv_mem_deinit
                0x000000001001f4dc                lv_mem_free
                0x000000001001f4fc                lv_mem_test
                0x000000001001f538                lv_mem_monitor
                0x000000001001f5b0                lv_mem_realloc
                0x000000001001f60c                lv_mem_alloc
                0x000000001001f63c                lv_mem_buf_get
                0x000000001001f7b4                lv_mem_buf_release
                0x000000001001f868                lv_mem_buf_free_all
                0x000000001001f8c0                lv_memcpy
                0x000000001001fc5c                lv_memset
                0x000000001001fd24                lv_memset_00
                0x000000001001fdfc                lv_memset_ff
 .text          0x000000001001fecc      0x38c lib/lvgl/libLVGL.a(lv_style.c.o)
                0x000000001001fecc                lv_style_init
                0x000000001001fed8                lv_style_reset
                0x000000001001fefc                lv_style_register_prop
                0x000000001001ff0c                lv_style_remove_prop
                0x000000001001ffec                lv_style_set_prop
                0x0000000010020100                lv_style_get_prop
                0x0000000010020168                lv_style_transition_dsc_init
                0x0000000010020194                lv_style_prop_get_default
                0x000000001002023c                lv_style_is_empty
                0x0000000010020248                _lv_style_get_prop_group
 .text          0x0000000010020258      0x5f0 lib/lvgl/libLVGL.a(lv_style_gen.c.o)
                0x0000000010020258                lv_style_set_width
                0x0000000010020268                lv_style_set_min_width
                0x0000000010020278                lv_style_set_max_width
                0x0000000010020288                lv_style_set_height
                0x0000000010020298                lv_style_set_min_height
                0x00000000100202a8                lv_style_set_max_height
                0x00000000100202b8                lv_style_set_x
                0x00000000100202c8                lv_style_set_y
                0x00000000100202d8                lv_style_set_align
                0x00000000100202e8                lv_style_set_transform_width
                0x00000000100202f8                lv_style_set_transform_height
                0x0000000010020308                lv_style_set_translate_x
                0x0000000010020318                lv_style_set_translate_y
                0x0000000010020328                lv_style_set_transform_zoom
                0x0000000010020338                lv_style_set_transform_angle
                0x0000000010020348                lv_style_set_pad_top
                0x0000000010020358                lv_style_set_pad_bottom
                0x0000000010020368                lv_style_set_pad_left
                0x0000000010020378                lv_style_set_pad_right
                0x0000000010020388                lv_style_set_pad_row
                0x0000000010020398                lv_style_set_pad_column
                0x00000000100203a8                lv_style_set_radius
                0x00000000100203b4                lv_style_set_clip_corner
                0x00000000100203c0                lv_style_set_opa
                0x00000000100203d0                lv_style_set_color_filter_dsc
                0x00000000100203dc                lv_style_set_color_filter_opa
                0x00000000100203e8                lv_style_set_anim_time
                0x00000000100203f4                lv_style_set_anim_speed
                0x0000000010020400                lv_style_set_transition
                0x000000001002040c                lv_style_set_blend_mode
                0x0000000010020418                lv_style_set_layout
                0x0000000010020428                lv_style_set_base_dir
                0x0000000010020438                lv_style_set_bg_color
                0x0000000010020450                lv_style_set_bg_color_filtered
                0x000000001002046c                lv_style_set_bg_opa
                0x0000000010020478                lv_style_set_bg_grad_color
                0x0000000010020490                lv_style_set_bg_grad_color_filtered
                0x00000000100204ac                lv_style_set_bg_grad_dir
                0x00000000100204b8                lv_style_set_bg_main_stop
                0x00000000100204c4                lv_style_set_bg_grad_stop
                0x00000000100204d0                lv_style_set_bg_img_src
                0x00000000100204e0                lv_style_set_bg_img_opa
                0x00000000100204ec                lv_style_set_bg_img_recolor
                0x0000000010020504                lv_style_set_bg_img_recolor_filtered
                0x0000000010020520                lv_style_set_bg_img_recolor_opa
                0x000000001002052c                lv_style_set_bg_img_tiled
                0x0000000010020538                lv_style_set_border_color
                0x0000000010020550                lv_style_set_border_color_filtered
                0x000000001002056c                lv_style_set_border_opa
                0x0000000010020578                lv_style_set_border_width
                0x0000000010020588                lv_style_set_border_side
                0x0000000010020594                lv_style_set_border_post
                0x00000000100205a0                lv_style_set_text_color
                0x00000000100205bc                lv_style_set_text_color_filtered
                0x00000000100205d8                lv_style_set_text_opa
                0x00000000100205e8                lv_style_set_text_font
                0x00000000100205f8                lv_style_set_text_letter_space
                0x0000000010020608                lv_style_set_text_line_space
                0x0000000010020618                lv_style_set_text_decor
                0x0000000010020628                lv_style_set_text_align
                0x0000000010020638                lv_style_set_img_opa
                0x0000000010020644                lv_style_set_img_recolor
                0x000000001002065c                lv_style_set_img_recolor_filtered
                0x0000000010020678                lv_style_set_img_recolor_opa
                0x0000000010020684                lv_style_set_outline_width
                0x0000000010020694                lv_style_set_outline_color
                0x00000000100206ac                lv_style_set_outline_color_filtered
                0x00000000100206c8                lv_style_set_outline_opa
                0x00000000100206d8                lv_style_set_outline_pad
                0x00000000100206e8                lv_style_set_shadow_width